Component: ARM Compiler 5.06 update 5 (build 528) Tool: armlink [4d35e2]

==============================================================================

Section Cross References

    startup_stm32f10x_md.o(RESET) refers to startup_stm32f10x_md.o(STACK) for __initial_sp
    startup_stm32f10x_md.o(RESET) refers to startup_stm32f10x_md.o(.text) for Reset_Handler
    startup_stm32f10x_md.o(RESET) refers to stm32f10x_it.o(.text) for NMI_Handler
    startup_stm32f10x_md.o(RESET) refers to bsp_timer.o(.text) for TIM4_IRQHandler
    startup_stm32f10x_md.o(RESET) refers to bsp_usart.o(.text) for USART1_IRQHandler
    startup_stm32f10x_md.o(RESET) refers to esp8266.o(.text) for USART2_IRQHandler
    startup_stm32f10x_md.o(.text) refers to system_stm32f10x.o(.text) for SystemInit
    startup_stm32f10x_md.o(.text) refers to entry.o(.ARM.Collect$$$$00000000) for __main
    system_stm32f10x.o(.text) refers to system_stm32f10x.o(.data) for SystemCoreClock
    stm32f10x_adc.o(.text) refers to stm32f10x_rcc.o(.text) for RCC_APB2PeriphResetCmd
    stm32f10x_bkp.o(.text) refers to stm32f10x_rcc.o(.text) for RCC_BackupResetCmd
    stm32f10x_can.o(.text) refers to stm32f10x_rcc.o(.text) for RCC_APB1PeriphResetCmd
    stm32f10x_cec.o(.text) refers to stm32f10x_rcc.o(.text) for RCC_APB1PeriphResetCmd
    stm32f10x_dac.o(.text) refers to stm32f10x_rcc.o(.text) for RCC_APB1PeriphResetCmd
    stm32f10x_gpio.o(.text) refers to stm32f10x_rcc.o(.text) for RCC_APB2PeriphResetCmd
    stm32f10x_i2c.o(.text) refers to stm32f10x_rcc.o(.text) for RCC_APB1PeriphResetCmd
    stm32f10x_pwr.o(.text) refers to stm32f10x_rcc.o(.text) for RCC_APB1PeriphResetCmd
    stm32f10x_rcc.o(.text) refers to stm32f10x_rcc.o(.data) for APBAHBPrescTable
    stm32f10x_spi.o(.text) refers to stm32f10x_rcc.o(.text) for RCC_APB2PeriphResetCmd
    stm32f10x_tim.o(.text) refers to stm32f10x_rcc.o(.text) for RCC_APB2PeriphResetCmd
    stm32f10x_usart.o(.text) refers to stm32f10x_rcc.o(.text) for RCC_APB2PeriphResetCmd
    stm32f10x_wwdg.o(.text) refers to stm32f10x_rcc.o(.text) for RCC_APB1PeriphResetCmd
    main.o(.text) refers to bsp_delay.o(.text) for Delay_Init
    main.o(.text) refers to bsp_oled.o(.text) for OLED_Init
    main.o(.text) refers to bsp_dht11.o(.text) for DHT11_Init
    main.o(.text) refers to bsp_key.o(.text) for Key_Init
    main.o(.text) refers to bsp_alarm.o(.text) for Alarm_Init
    main.o(.text) refers to bsp_usart.o(.text) for Usart_Init
    main.o(.text) refers to bsp_led.o(.text) for LED_Init
    main.o(.text) refers to printfa.o(i.__0sprintf) for __2sprintf
    main.o(.text) refers to memseta.o(.text) for __aeabi_memclr
    main.o(.text) refers to esp8266.o(.text) for ESP8266_Init
    main.o(.text) refers to onenet.o(.text) for OneNet_DevLink
    main.o(.text) refers to main.o(.data) for DHT11_Data
    main.o(.text) refers to main.o(.bss) for oled_Temp
    main.o(.text) refers to main.o(.constdata) for devPubTopic
    main.o(.data) refers to main.o(.conststring) for .conststring
    bsp_delay.o(.text) refers to bsp_delay.o(.data) for UsCount
    bsp_key.o(.text) refers to stm32f10x_rcc.o(.text) for RCC_APB2PeriphClockCmd
    bsp_key.o(.text) refers to stm32f10x_gpio.o(.text) for GPIO_Init
    bsp_key.o(.text) refers to bsp_delay.o(.text) for DelayXms
    bsp_key.o(.text) refers to bsp_key.o(.data) for key_up
    bsp_timer.o(.text) refers to misc.o(.text) for NVIC_PriorityGroupConfig
    bsp_timer.o(.text) refers to stm32f10x_rcc.o(.text) for RCC_APB1PeriphClockCmd
    bsp_timer.o(.text) refers to stm32f10x_tim.o(.text) for TIM_TimeBaseInit
    bsp_usart.o(.text) refers to stm32f10x_rcc.o(.text) for RCC_APB2PeriphClockCmd
    bsp_usart.o(.text) refers to stm32f10x_gpio.o(.text) for GPIO_Init
    bsp_usart.o(.text) refers to stm32f10x_usart.o(.text) for USART_Init
    bsp_usart.o(.text) refers to misc.o(.text) for NVIC_Init
    bsp_usart.o(.text) refers to printfa.o(i.__0vsnprintf) for __c89vsnprintf
    bsp_led.o(.text) refers to stm32f10x_rcc.o(.text) for RCC_APB2PeriphClockCmd
    bsp_led.o(.text) refers to stm32f10x_gpio.o(.text) for GPIO_Init
    bsp_dht11.o(.text) refers to stm32f10x_rcc.o(.text) for RCC_APB2PeriphClockCmd
    bsp_dht11.o(.text) refers to stm32f10x_gpio.o(.text) for GPIO_Init
    bsp_dht11.o(.text) refers to bsp_delay.o(.text) for DelayUs
    bsp_oled.o(.text) refers to stm32f10x_gpio.o(.text) for GPIO_ResetBits
    bsp_oled.o(.text) refers to stm32f10x_rcc.o(.text) for RCC_APB2PeriphClockCmd
    bsp_oled.o(.text) refers to bsp_oled.o(.data) for hz_index
    bsp_oled.o(.text) refers to bsp_oled.o(.bss) for OLED_GRAM
    bsp_oled.o(.text) refers to strchr.o(.text) for strchr
    bsp_alarm.o(.text) refers to stm32f10x_rcc.o(.text) for RCC_APB2PeriphClockCmd
    bsp_alarm.o(.text) refers to stm32f10x_gpio.o(.text) for GPIO_Init
    esp8266.o(.text) refers to memseta.o(.text) for __aeabi_memclr
    esp8266.o(.text) refers to strlen.o(.text) for strlen
    esp8266.o(.text) refers to bsp_usart.o(.text) for Usart_SendString
[...]
    ../clib/microlib/printf/stubs.s          0x00000000   Number         0  stubs.o ABSOLUTE
    ../clib/microlib/stdio/fputc.c           0x00000000   Number         0  fputc.o ABSOLUTE
    ../clib/microlib/stdio/semi.s            0x00000000   Number         0  semi.o ABSOLUTE
    ../clib/microlib/stdio/streams.c         0x00000000   Number         0  stdout.o ABSOLUTE
    ../clib/microlib/string/memcpy.c         0x00000000   Number         0  memcpyb.o ABSOLUTE
    ../clib/microlib/string/memcpy.c         0x00000000   Number         0  memcpya.o ABSOLUTE
    ../clib/microlib/string/memset.c         0x00000000   Number         0  memseta.o ABSOLUTE
    ../clib/microlib/string/strchr.c         0x00000000   Number         0  strchr.o ABSOLUTE
    ../clib/microlib/string/strcpy.c         0x00000000   Number         0  strcpy.o ABSOLUTE
    ../clib/microlib/string/strlen.c         0x00000000   Number         0  strlen.o ABSOLUTE
    ../clib/microlib/string/strncat.c        0x00000000   Number         0  strncat.o ABSOLUTE
    ../clib/microlib/string/strncmp.c        0x00000000   Number         0  strncmp.o ABSOLUTE
    ../clib/microlib/string/strstr.c         0x00000000   Number         0  strstr.o ABSOLUTE
    ../clib/microlib/stubs.s                 0x00000000   Number         0  iusesemip.o ABSOLUTE
    ../clib/microlib/stubs.s                 0x00000000   Number         0  iusefp.o ABSOLUTE
    ../fplib/microlib/f2d.c                  0x00000000   Number         0  f2d.o ABSOLUTE
    ../fplib/microlib/fpadd.c                0x00000000   Number         0  dadd.o ABSOLUTE
    ../fplib/microlib/fpdiv.c                0x00000000   Number         0  ddiv.o ABSOLUTE
    ../fplib/microlib/fpepilogue.c           0x00000000   Number         0  depilogue.o ABSOLUTE
    ../fplib/microlib/fpfix.c                0x00000000   Number         0  dfixul.o ABSOLUTE
    ../fplib/microlib/fpfix.c                0x00000000   Number         0  dfixi.o ABSOLUTE
    ../fplib/microlib/fpflt.c                0x00000000   Number         0  dflti.o ABSOLUTE
    ../fplib/microlib/fpmul.c                0x00000000   Number         0  dmul.o ABSOLUTE
    ../fplib/microlib/fpscalb.c              0x00000000   Number         0  dscalb.o ABSOLUTE
    ../fplib/microlib/fpsqrt.c               0x00000000   Number         0  dsqrt.o ABSOLUTE
    ../mathlib/dunder.c                      0x00000000   Number         0  dunder.o ABSOLUTE
    ../mathlib/floor.c                       0x00000000   Number         0  floor.o ABSOLUTE
    ../mathlib/fpclassify.c                  0x00000000   Number         0  fpclassify.o ABSOLUTE
    ../mathlib/poly.c                        0x00000000   Number         0  poly.o ABSOLUTE
    ../mathlib/pow.c                         0x00000000   Number         0  pow_x.o ABSOLUTE
    ../mathlib/pow.c                         0x00000000   Number         0  pow.o ABSOLUTE
    ../mathlib/qnan.c                        0x00000000   Number         0  qnan.o ABSOLUTE
    ../mathlib/sqrt.c                        0x00000000   Number         0  sqrt_x.o ABSOLUTE
    ../mathlib/sqrt.c                        0x00000000   Number         0  sqrt.o ABSOLUTE
    ..\..\APP\bsp_dht11.c                    0x00000000   Number         0  bsp_dht11.o ABSOLUTE
    ..\..\APP\bsp_oled.c                     0x00000000   Number         0  bsp_oled.o ABSOLUTE
    ..\..\BSP\bsp_Alarm.c                    0x00000000   Number         0  bsp_alarm.o ABSOLUTE
    ..\..\BSP\bsp_delay.c                    0x00000000   Number         0  bsp_delay.o ABSOLUTE
    ..\..\BSP\bsp_key.c                      0x00000000   Number         0  bsp_key.o ABSOLUTE
    ..\..\BSP\bsp_led.c                      0x00000000   Number         0  bsp_led.o ABSOLUTE
    ..\..\BSP\bsp_timer.c                    0x00000000   Number         0  bsp_timer.o ABSOLUTE
    ..\..\BSP\bsp_usart.c                    0x00000000   Number         0  bsp_usart.o ABSOLUTE
    ..\..\Libraries\CMSIS\core_cm3.c         0x00000000   Number         0  core_cm3.o ABSOLUTE
    ..\..\Libraries\CMSIS\startup\startup_stm32f10x_md.s 0x00000000   Number         0  startup_stm32f10x_md.o ABSOLUTE
    ..\..\Libraries\CMSIS\system_stm32f10x.c 0x00000000   Number         0  system_stm32f10x.o ABSOLUTE
    ..\..\Libraries\FWlib\src\misc.c         0x00000000   Number         0  misc.o ABSOLUTE
    ..\..\Libraries\FWlib\src\stm32f10x_adc.c 0x00000000   Number         0  stm32f10x_adc.o ABSOLUTE
    ..\..\Libraries\FWlib\src\stm32f10x_bkp.c 0x00000000   Number         0  stm32f10x_bkp.o ABSOLUTE
    ..\..\Libraries\FWlib\src\stm32f10x_can.c 0x00000000   Number         0  stm32f10x_can.o ABSOLUTE
    ..\..\Libraries\FWlib\src\stm32f10x_cec.c 0x00000000   Number         0  stm32f10x_cec.o ABSOLUTE
    ..\..\Libraries\FWlib\src\stm32f10x_crc.c 0x00000000   Number         0  stm32f10x_crc.o ABSOLUTE
    ..\..\Libraries\FWlib\src\stm32f10x_dac.c 0x00000000   Number         0  stm32f10x_dac.o ABSOLUTE
    ..\..\Libraries\FWlib\src\stm32f10x_dbgmcu.c 0x00000000   Number         0  stm32f10x_dbgmcu.o ABSOLUTE
    ..\..\Libraries\FWlib\src\stm32f10x_dma.c 0x00000000   Number         0  stm32f10x_dma.o ABSOLUTE
    ..\..\Libraries\FWlib\src\stm32f10x_exti.c 0x00000000   Number         0  stm32f10x_exti.o ABSOLUTE
    ..\..\Libraries\FWlib\src\stm32f10x_flash.c 0x00000000   Number         0  stm32f10x_flash.o ABSOLUTE
    ..\..\Libraries\FWlib\src\stm32f10x_fsmc.c 0x00000000   Number         0  stm32f10x_fsmc.o ABSOLUTE
    ..\..\Libraries\FWlib\src\stm32f10x_gpio.c 0x00000000   Number         0  stm32f10x_gpio.o ABSOLUTE
    ..\..\Libraries\FWlib\src\stm32f10x_i2c.c 0x00000000   Number         0  stm32f10x_i2c.o ABSOLUTE
    ..\..\Libraries\FWlib\src\stm32f10x_iwdg.c 0x00000000   Number         0  stm32f10x_iwdg.o ABSOLUTE
    ..\..\Libraries\FWlib\src\stm32f10x_pwr.c 0x00000000   Number         0  stm32f10x_pwr.o ABSOLUTE
    ..\..\Libraries\FWlib\src\stm32f10x_rcc.c 0x00000000   Number         0  stm32f10x_rcc.o ABSOLUTE
    ..\..\Libraries\FWlib\src\stm32f10x_rtc.c 0x00000000   Number         0  stm32f10x_rtc.o ABSOLUTE
    ..\..\Libraries\FWlib\src\stm32f10x_sdio.c 0x00000000   Number         0  stm32f10x_sdio.o ABSOLUTE
    ..\..\Libraries\FWlib\src\stm32f10x_spi.c 0x00000000   Number         0  stm32f10x_spi.o ABSOLUTE
    ..\..\Libraries\FWlib\src\stm32f10x_tim.c 0x00000000   Number         0  stm32f10x_tim.o ABSOLUTE
    ..\..\Libraries\FWlib\src\stm32f10x_usart.c 0x00000000   Number         0  stm32f10x_usart.o ABSOLUTE
    ..\..\Libraries\FWlib\src\stm32f10x_wwdg.c 0x00000000   Number         0  stm32f10x_wwdg.o ABSOLUTE
    ..\..\Main\main.c                        0x00000000   Number         0  main.o ABSOLUTE
    ..\..\Main\stm32f10x_it.c                0x00000000   Number         0  stm32f10x_it.o ABSOLUTE
    ..\..\Onenet\MqttKit.c                   0x00000000   Number         0  mqttkit.o ABSOLUTE
    ..\..\Onenet\cJSON.c                     0x00000000   Number         0  cjson.o ABSOLUTE
    ..\..\Onenet\esp8266.c                   0x00000000   Number         0  esp8266.o ABSOLUTE
    ..\..\Onenet\onenet.c                    0x00000000   Number         0  onenet.o ABSOLUTE
    ..\\..\\Libraries\\CMSIS\\core_cm3.c     0x00000000   Number         0  core_cm3.o ABSOLUTE
    cdcmple.s                                0x00000000   Number         0  cdcmple.o ABSOLUTE
    cdrcmple.s                               0x00000000   Number         0  cdrcmple.o ABSOLUTE
    dc.s                                     0x00000000   Number         0  dc.o ABSOLUTE
    handlers.s                               0x00000000   Number         0  handlers.o ABSOLUTE
    init.s                                   0x00000000   Number         0  init.o ABSOLUTE
    RESET                                    0x08000000   Section      236  startup_stm32f10x_md.o(RESET)
    .ARM.Collect$$$$00000000                 0x080000ec   Section        0  entry.o(.ARM.Collect$$$$00000000)
    .ARM.Collect$$$$00000001                 0x080000ec   Section        4  entry2.o(.ARM.Collect$$$$00000001)
    .ARM.Collect$$$$00000004                 0x080000f0   Section        4  entry5.o(.ARM.Collect$$$$00000004)
    .ARM.Collect$$$$00000008                 0x080000f4   Section        0  entry7b.o(.ARM.Collect$$$$00000008)
    .ARM.Collect$$$$0000000A                 0x080000f4   Section        0  entry8b.o(.ARM.Collect$$$$0000000A)
    .ARM.Collect$$$$0000000B                 0x080000f4   Section        8  entry9a.o(.ARM.Collect$$$$0000000B)
    .ARM.Collect$$$$0000000D                 0x080000fc   Section        0  entry10a.o(.ARM.Collect$$$$0000000D)
    .ARM.Collect$$$$0000000F                 0x080000fc   Section        0  entry11a.o(.ARM.Collect$$$$0000000F)
    .ARM.Collect$$$$00002712                 0x080000fc   Section        4  entry2.o(.ARM.Collect$$$$00002712)
    __lit__00000000                          0x080000fc   Data           4  entry2.o(.ARM.Collect$$$$00002712)
    .text                                    0x08000100   Section       36  startup_stm32f10x_md.o(.text)
    .text                                    0x08000124   Section        0  system_stm32f10x.o(.text)
    SetSysClockTo72                          0x08000125   Thumb Code   214  system_stm32f10x.o(.text)
    SetSysClock                              0x080001fb   Thumb Code     8  system_stm32f10x.o(.text)
    .text                                    0x08000304   Section        0  misc.o(.text)
    .text                                    0x080003e0   Section        0  stm32f10x_gpio.o(.text)
    .text                                    0x0800073c   Section        0  stm32f10x_rcc.o(.text)
    .text                                    0x08000ae0   Section        0  stm32f10x_tim.o(.text)
    TI4_Config                               0x08000f87   Thumb Code   130  stm32f10x_tim.o(.text)
    TI3_Config                               0x0800101b   Thumb Code   122  stm32f10x_tim.o(.text)
    TI2_Config                               0x080010af   Thumb Code   130  stm32f10x_tim.o(.text)
    TI1_Config                               0x08001143   Thumb Code   108  stm32f10x_tim.o(.text)
    .text                                    0x080018fc   Section        0  stm32f10x_usart.o(.text)
    .text                                    0x08001d04   Section        0  main.o(.text)
    .text                                    0x0800206c   Section        0  stm32f10x_it.o(.text)
    .text                                    0x08002088   Section        0  bsp_delay.o(.text)
    .text                                    0x0800217c   Section        0  bsp_key.o(.text)
    .text                                    0x08002248   Section        0  bsp_timer.o(.text)
    GENERAL_TIM_NVIC_Config                  0x08002249   Thumb Code    42  bsp_timer.o(.text)
    GENERAL_TIM_Mode_Config                  0x08002273   Thumb Code    74  bsp_timer.o(.text)
    .text                                    0x080022e4   Section        0  bsp_usart.o(.text)
    .text                                    0x080024e0   Section        0  bsp_led.o(.text)
    .text                                    0x08002528   Section        0  bsp_dht11.o(.text)
    DHT11_GPIO_Config                        0x08002529   Thumb Code    40  bsp_dht11.o(.text)
    DHT11_Mode_IPU                           0x08002563   Thumb Code    26  bsp_dht11.o(.text)
    DHT11_Mode_Out_PP                        0x0800257d   Thumb Code    32  bsp_dht11.o(.text)
    DHT11_ReadByte                           0x0800259d   Thumb Code    96  bsp_dht11.o(.text)
    .text                                    0x080026a8   Section        0  bsp_oled.o(.text)
    IIC_Delay                                0x080026bb   Thumb Code    14  bsp_oled.o(.text)
    .text                                    0x08002cb0   Section        0  bsp_alarm.o(.text)
    .text                                    0x08002d20   Section        0  esp8266.o(.text)
    .text                                    0x08003034   Section        0  mqttkit.o(.text)
    .text                                    0x08003e34   Section        0  onenet.o(.text)
    .text                                    0x08004530   Section        0  cjson.o(.text)
    cJSON_strcasecmp                         0x08004537   Thumb Code    76  cjson.o(.text)
    cJSON_strdup                             0x08004583   Thumb Code    40  cjson.o(.text)
    cJSON_New_Item                           0x080045db   Thumb Code    26  cjson.o(.text)
    parse_number                             0x08004647   Thumb Code   432  cjson.o(.text)
    pow2gt                                   0x080047f7   Thumb Code    28  cjson.o(.text)
    ensure                                   0x08004813   Thumb Code   104  cjson.o(.text)
    update                                   0x0800487b   Thumb Code    32  cjson.o(.text)
    print_number                             0x0800489b   Thumb Code   396  cjson.o(.text)
    parse_hex4                               0x08004a27   Thumb Code   276  cjson.o(.text)
    parse_string                             0x08004b3b   Thumb Code   448  cjson.o(.text)
    print_string_ptr                         0x08004cfb   Thumb Code   498  cjson.o(.text)
    print_string                             0x08004eed   Thumb Code    16  cjson.o(.text)
    skip                                     0x08004efd   Thumb Code    18  cjson.o(.text)
    parse_object                             0x08004f0f   Thumb Code   270  cjson.o(.text)
    parse_array                              0x0800501d   Thumb Code   166  cjson.o(.text)
    parse_value                              0x080050c3   Thumb Code   158  cjson.o(.text)
    print_object                             0x08005209   Thumb Code  1052  cjson.o(.text)
    print_array                              0x08005625   Thumb Code   578  cjson.o(.text)
    print_value                              0x08005867   Thumb Code   290  cjson.o(.text)
    suffix_object                            0x08005a23   Thumb Code     6  cjson.o(.text)
    create_reference                         0x08005a29   Thumb Code    48  cjson.o(.text)
    .text                                    0x08005fb0   Section        0  tolower.o(.text)
    .text                                    0x08005fbc   Section        0  memcpya.o(.text)
    .text                                    0x08005fe0   Section        0  memseta.o(.text)
    .text                                    0x08006004   Section        0  strstr.o(.text)
    .text                                    0x08006028   Section        0  strchr.o(.text)
    .text                                    0x0800603c   Section        0  strlen.o(.text)
    .text                                    0x0800604a   Section        0  strncat.o(.text)
    .text                                    0x08006072   Section        0  strcpy.o(.text)
    .text                                    0x08006084   Section        0  strncmp.o(.text)
    .text                                    0x080060a2   Section        0  dadd.o(.text)
    .text                                    0x080061f0   Section        0  dmul.o(.text)
    .text                                    0x080062d4   Section        0  dflti.o(.text)
    .text                                    0x080062f6   Section        0  dfixi.o(.text)
    .text                                    0x08006334   Section        0  f2d.o(.text)
    .text                                    0x0800635c   Section       48  cdcmple.o(.text)
    .text                                    0x0800638c   Section       48  cdrcmple.o(.text)
    .text                                    0x080063bc   Section        0  uidiv.o(.text)
    .text                                    0x080063e8   Section        0  uldiv.o(.text)
    .text                                    0x0800644a   Section        0  llshl.o(.text)
    .text                                    0x08006468   Section        0  llushr.o(.text)
    .text                                    0x08006488   Section        0  llsshr.o(.text)
    .text                                    0x080064ac   Section        0  depilogue.o(.text)
    .text                                    0x080064ac   Section        0  iusefp.o(.text)
    .text                                    0x08006566   Section        0  ddiv.o(.text)
    .text                                    0x08006644   Section        0  dscalb.o(.text)
    .text                                    0x08006672   Section        0  dfixul.o(.text)
    .text                                    0x080066a4   Section       36  init.o(.text)
    .text                                    0x080066c8   Section        0  dsqrt.o(.text)
    .text                                    0x0800676a   Section        0  __dczerorl2.o(.text)
    i.__0snprintf                            0x080067c0   Section        0  printfa.o(i.__0snprintf)
    i.__0sprintf                             0x080067f0   Section        0  printfa.o(i.__0sprintf)
    i.__0vsnprintf                           0x08006818   Section        0  printfa.o(i.__0vsnprintf)
    i.__ARM_fpclassify                       0x08006844   Section        0  fpclassify.o(i.__ARM_fpclassify)
    i.__kernel_poly                          0x0800686c   Section        0  poly.o(i.__kernel_poly)
    i.__mathlib_dbl_divzero                  0x08006918   Section        0  dunder.o(i.__mathlib_dbl_divzero)
    i.__mathlib_dbl_infnan2                  0x08006928   Section        0  dunder.o(i.__mathlib_dbl_infnan2)
    i.__mathlib_dbl_invalid                  0x0800692c   Section        0  dunder.o(i.__mathlib_dbl_invalid)
    i.__mathlib_dbl_overflow                 0x08006938   Section        0  dunder.o(i.__mathlib_dbl_overflow)
    i.__mathlib_dbl_underflow                0x08006948   Section        0  dunder.o(i.__mathlib_dbl_underflow)
    i.__scatterload_copy                     0x08006958   Section       14  handlers.o(i.__scatterload_copy)
    i.__scatterload_null                     0x08006966   Section        2  handlers.o(i.__scatterload_null)
    i.__scatterload_zeroinit                 0x08006968   Section       14  handlers.o(i.__scatterload_zeroinit)
    i.__set_errno                            0x08006978   Section        0  errno.o(i.__set_errno)
    i._fp_digits                             0x08006984   Section        0  printfa.o(i._fp_digits)
    _fp_digits                               0x08006985   Thumb Code   366  printfa.o(i._fp_digits)
    i._printf_core                           0x08006b08   Section        0  printfa.o(i._printf_core)
    _printf_core                             0x08006b09   Thumb Code  1744  printfa.o(i._printf_core)
    i._printf_post_padding                   0x080071e4   Section        0  printfa.o(i._printf_post_padding)
    _printf_post_padding                     0x080071e5   Thumb Code    36  printfa.o(i._printf_post_padding)
    i._printf_pre_padding                    0x08007208   Section        0  printfa.o(i._printf_pre_padding)
    _printf_pre_padding                      0x08007209   Thumb Code    46  printfa.o(i._printf_pre_padding)
    i._snputc                                0x08007236   Section        0  printfa.o(i._snputc)
    _snputc                                  0x08007237   Thumb Code    22  printfa.o(i._snputc)
    i._sputc                                 0x0800724c   Section        0  printfa.o(i._sputc)
    _sputc                                   0x0800724d   Thumb Code    10  printfa.o(i._sputc)
    i.floor                                  0x08007258   Section        0  floor.o(i.floor)
    i.free                                   0x08007334   Section        0  malloc.o(i.free)
    i.malloc                                 0x08007384   Section        0  malloc.o(i.malloc)
    i.pow                                    0x080073f0   Section        0  pow.o(i.pow)
    i.sqrt                                   0x08007dc8   Section        0  sqrt.o(i.sqrt)
    .constdata                               0x08007e14   Section       42  main.o(.constdata)
    .constdata                               0x08007e3e   Section        7  cjson.o(.constdata)
    firstByteMark                            0x08007e3e   Data           7  cjson.o(.constdata)
    .constdata                               0x08007e48   Section      136  pow.o(.constdata)
    bp                                       0x08007e48   Data          16  pow.o(.constdata)
    dp_h                                     0x08007e58   Data          16  pow.o(.constdata)
    dp_l                                     0x08007e68   Data          16  pow.o(.constdata)
    L                                        0x08007e78   Data          48  pow.o(.constdata)
    P                                        0x08007ea8   Data          40  pow.o(.constdata)
    .constdata                               0x08007ed0   Section        8  qnan.o(.constdata)
    .conststring                             0x08007ed8   Section       41  main.o(.conststring)
    .conststring                             0x08007f04   Section      124  onenet.o(.conststring)
    .data                                    0x20000000   Section       20  system_stm32f10x.o(.data)
    .data                                    0x20000014   Section       20  stm32f10x_rcc.o(.data)
    APBAHBPrescTable                         0x20000014   Data          16  stm32f10x_rcc.o(.data)
    ADCPrescTable                            0x20000024   Data           4  stm32f10x_rcc.o(.data)
    .data                                    0x20000028   Section       20  main.o(.data)
    .data                                    0x2000003c   Section        4  bsp_delay.o(.data)
    .data                                    0x20000040   Section        1  bsp_key.o(.data)
    key_up                                   0x20000040   Data           1  bsp_key.o(.data)
    .data                                    0x20000044   Section     2472  bsp_oled.o(.data)
    .data                                    0x200009ec   Section        4  esp8266.o(.data)
    .data                                    0x200009f0   Section        2  onenet.o(.data)
    pkt_id                                   0x200009f0   Data           2  onenet.o(.data)
    .data                                    0x200009f4   Section       12  cjson.o(.data)
    ep                                       0x200009f4   Data           4  cjson.o(.data)
    cJSON_malloc                             0x200009f8   Data           4  cjson.o(.data)
    cJSON_free                               0x200009fc   Data           4  cjson.o(.data)
    .data                                    0x20000a00   Section        4  mvars.o(.data)
    .data                                    0x20000a04   Section        4  mvars.o(.data)
    .data                                    0x20000a08   Section        4  errno.o(.data)
    _errno                                   0x20000a08   Data           4  errno.o(.data)
    .bss                                     0x20000a0c   Section      320  main.o(.bss)
    .bss                                     0x20000b4c   Section     1152  bsp_oled.o(.bss)
    .bss                                     0x20000fcc   Section      512  esp8266.o(.bss)
    HEAP                                     0x200011d0   Section      512  startup_stm32f10x_md.o(HEAP)
    STACK                                    0x200013d0   Section     1024  startup_stm32f10x_md.o(STACK)

    Global Symbols

    Symbol Name                              Value     Ov Type        Size  Object(Section)

    BuildAttributes$$THM_ISAv4$P$D$K$B$S$PE$A:L22UL41UL21$X:L11$S22US41US21$IEEE1$IW$USESV6$~STKCKD$USESV7$~SHL$OTIME$ROPI$IEEEX$EBA8$MICROLIB$REQ8$PRES8$EABIv2 0x00000000   Number         0  anon$$obj.o ABSOLUTE
    __ARM_use_no_argv                        0x00000000   Number         0  main.o ABSOLUTE
    _printf_a                                0x00000000   Number         0  stubs.o ABSOLUTE
    _printf_c                                0x00000000   Number         0  stubs.o ABSOLUTE
    _printf_charcount                        0x00000000   Number         0  stubs.o ABSOLUTE
    _printf_d                                0x00000000   Number         0  stubs.o ABSOLUTE
    _printf_e                                0x00000000   Number         0  stubs.o ABSOLUTE
    _printf_f                                0x00000000   Number         0  stubs.o ABSOLUTE
    _printf_flags                            0x00000000   Number         0  stubs.o ABSOLUTE
    _printf_fp_dec                           0x00000000   Number         0  stubs.o ABSOLUTE
    _printf_fp_hex                           0x00000000   Number         0  stubs.o ABSOLUTE
    _printf_g                                0x00000000   Number         0  stubs.o ABSOLUTE
    _printf_i                                0x00000000   Number         0  stubs.o ABSOLUTE
    _printf_int_dec                          0x00000000   Number         0  stubs.o ABSOLUTE
    _printf_l                                0x00000000   Number         0  stubs.o ABSOLUTE
    _printf_lc                               0x00000000   Number         0  stubs.o ABSOLUTE
    _printf_ll                               0x00000000   Number         0  stubs.o ABSOLUTE
    _printf_lld                              0x00000000   Number         0  stubs.o ABSOLUTE
    _printf_lli                              0x00000000   Number         0  stubs.o ABSOLUTE
    _printf_llo                              0x00000000   Number         0  stubs.o ABSOLUTE
    _printf_llu                              0x00000000   Number         0  stubs.o ABSOLUTE
    _printf_llx                              0x00000000   Number         0  stubs.o ABSOLUTE
    _printf_longlong_dec                     0x00000000   Number         0  stubs.o ABSOLUTE
    _printf_longlong_hex                     0x00000000   Number         0  stubs.o ABSOLUTE
    _printf_longlong_oct                     0x00000000   Number         0  stubs.o ABSOLUTE
    _printf_ls                               0x00000000   Number         0  stubs.o ABSOLUTE
    _printf_mbtowc                           0x00000000   Number         0  stubs.o ABSOLUTE
    _printf_n                                0x00000000   Number         0  stubs.o ABSOLUTE
    _printf_o                                0x00000000   Number         0  stubs.o ABSOLUTE
    _printf_p                                0x00000000   Number         0  stubs.o ABSOLUTE
    _printf_percent                          0x00000000   Number         0  stubs.o ABSOLUTE
    _printf_pre_padding                      0x00000000   Number         0  stubs.o ABSOLUTE
    _printf_return_value                     0x00000000   Number         0  stubs.o ABSOLUTE
    _printf_s                                0x00000000   Number         0  stubs.o ABSOLUTE
    _printf_sizespec                         0x00000000   Number         0  stubs.o ABSOLUTE
    _printf_str                              0x00000000   Number         0  stubs.o ABSOLUTE
    _printf_truncate_signed                  0x00000000   Number         0  stubs.o ABSOLUTE
    _printf_truncate_unsigned                0x00000000   Number         0  stubs.o ABSOLUTE
    _printf_u                                0x00000000   Number         0  stubs.o ABSOLUTE
    _printf_wc                               0x00000000   Number         0  stubs.o ABSOLUTE
    _printf_wctomb                           0x00000000   Number         0  stubs.o ABSOLUTE
    _printf_widthprec                        0x00000000   Number         0  stubs.o ABSOLUTE
    _printf_x                                0x00000000   Number         0  stubs.o ABSOLUTE
    __cpp_initialize__aeabi_                  - Undefined Weak Reference
    __cxa_finalize                            - Undefined Weak Reference
    _clock_init                               - Undefined Weak Reference
    _microlib_exit                            - Undefined Weak Reference
    __Vectors_Size                           0x000000ec   Number         0  startup_stm32f10x_md.o ABSOLUTE
    __Vectors                                0x08000000   Data           4  startup_stm32f10x_md.o(RESET)
    __Vectors_End                            0x080000ec   Data           0  startup_stm32f10x_md.o(RESET)
    __main                                   0x080000ed   Thumb Code     0  entry.o(.ARM.Collect$$$$00000000)
    _main_stk                                0x080000ed   Thumb Code     0  entry2.o(.ARM.Collect$$$$00000001)
    _main_scatterload                        0x080000f1   Thumb Code     0  entry5.o(.ARM.Collect$$$$00000004)
    __main_after_scatterload                 0x080000f5   Thumb Code     0  entry5.o(.ARM.Collect$$$$00000004)
    _main_clock                              0x080000f5   Thumb Code     0  entry7b.o(.ARM.Collect$$$$00000008)
    _main_cpp_init                           0x080000f5   Thumb Code     0  entry8b.o(.ARM.Collect$$$$0000000A)
    _main_init                               0x080000f5   Thumb Code     0  entry9a.o(.ARM.Collect$$$$0000000B)
    __rt_final_cpp                           0x080000fd   Thumb Code     0  entry10a.o(.ARM.Collect$$$$0000000D)
    __rt_final_exit                          0x080000fd   Thumb Code     0  entry11a.o(.ARM.Collect$$$$0000000F)
    Reset_Handler                            0x08000101   Thumb Code     8  startup_stm32f10x_md.o(.text)
    ADC1_2_IRQHandler                        0x0800011b   Thumb Code     0  startup_stm32f10x_md.o(.text)
    CAN1_RX1_IRQHandler                      0x0800011b   Thumb Code     0  startup_stm32f10x_md.o(.text)
    CAN1_SCE_IRQHandler                      0x0800011b   Thumb Code     0  startup_stm32f10x_md.o(.text)
    DMA1_Channel1_IRQHandler                 0x0800011b   Thumb Code     0  startup_stm32f10x_md.o(.text)
    DMA1_Channel2_IRQHandler                 0x0800011b   Thumb Code     0  startup_stm32f10x_md.o(.text)
    DMA1_Channel3_IRQHandler                 0x0800011b   Thumb Code     0  startup_stm32f10x_md.o(.text)
    DMA1_Channel4_IRQHandler                 0x0800011b   Thumb Code     0  startup_stm32f10x_md.o(.text)
    DMA1_Channel5_IRQHandler                 0x0800011b   Thumb Code     0  startup_stm32f10x_md.o(.text)
    DMA1_Channel6_IRQHandler                 0x0800011b   Thumb Code     0  startup_stm32f10x_md.o(.text)
    DMA1_Channel7_IRQHandler                 0x0800011b   Thumb Code     0  startup_stm32f10x_md.o(.text)
    EXTI0_IRQHandler                         0x0800011b   Thumb Code     0  startup_stm32f10x_md.o(.text)
    EXTI15_10_IRQHandler                     0x0800011b   Thumb Code     0  startup_stm32f10x_md.o(.text)
    EXTI1_IRQHandler                         0x0800011b   Thumb Code     0  startup_stm32f10x_md.o(.text)
    EXTI2_IRQHandler                         0x0800011b   Thumb Code     0  startup_stm32f10x_md.o(.text)
    EXTI3_IRQHandler                         0x0800011b   Thumb Code     0  startup_stm32f10x_md.o(.text)
    EXTI4_IRQHandler                         0x0800011b   Thumb Code     0  startup_stm32f10x_md.o(.text)
    EXTI9_5_IRQHandler                       0x0800011b   Thumb Code     0  startup_stm32f10x_md.o(.text)
    FLASH_IRQHandler                         0x0800011b   Thumb Code     0  startup_stm32f10x_md.o(.text)
    I2C1_ER_IRQHandler                       0x0800011b   Thumb Code     0  startup_stm32f10x_md.o(.text)
    I2C1_EV_IRQHandler                       0x0800011b   Thumb Code     0  startup_stm32f10x_md.o(.text)
    I2C2_ER_IRQHandler                       0x0800011b   Thumb Code     0  startup_stm32f10x_md.o(.text)
    I2C2_EV_IRQHandler                       0x0800011b   Thumb Code     0  startup_stm32f10x_md.o(.text)
    PVD_IRQHandler                           0x0800011b   Thumb Code     0  startup_stm32f10x_md.o(.text)
    RCC_IRQHandler                           0x0800011b   Thumb Code     0  startup_stm32f10x_md.o(.text)
    RTCAlarm_IRQHandler                      0x0800011b   Thumb Code     0  startup_stm32f10x_md.o(.text)
    RTC_IRQHandler                           0x0800011b   Thumb Code     0  startup_stm32f10x_md.o(.text)
    SPI1_IRQHandler                          0x0800011b   Thumb Code     0  startup_stm32f10x_md.o(.text)
    SPI2_IRQHandler                          0x0800011b   Thumb Code     0  startup_stm32f10x_md.o(.text)
    TAMPER_IRQHandler                        0x0800011b   Thumb Code     0  startup_stm32f10x_md.o(.text)
    TIM1_BRK_IRQHandler                      0x0800011b   Thumb Code     0  startup_stm32f10x_md.o(.text)
    TIM1_CC_IRQHandler                       0x0800011b   Thumb Code     0  startup_stm32f10x_md.o(.text)
    TIM1_TRG_COM_IRQHandler                  0x0800011b   Thumb Code     0  startup_stm32f10x_md.o(.text)
    TIM1_UP_IRQHandler                       0x0800011b   Thumb Code     0  startup_stm32f10x_md.o(.text)
    TIM2_IRQHandler                          0x0800011b   Thumb Code     0  startup_stm32f10x_md.o(.text)
    TIM3_IRQHandler                          0x0800011b   Thumb Code     0  startup_stm32f10x_md.o(.text)
    USART3_IRQHandler                        0x0800011b   Thumb Code     0  startup_stm32f10x_md.o(.text)
    USBWakeUp_IRQHandler                     0x0800011b   Thumb Code     0  startup_stm32f10x_md.o(.text)
    USB_HP_CAN1_TX_IRQHandler                0x0800011b   Thumb Code     0  startup_stm32f10x_md.o(.text)
    USB_LP_CAN1_RX0_IRQHandler               0x0800011b   Thumb Code     0  startup_stm32f10x_md.o(.text)
    WWDG_IRQHandler                          0x0800011b   Thumb Code     0  startup_stm32f10x_md.o(.text)
    SystemInit                               0x08000203   Thumb Code    78  system_stm32f10x.o(.text)
    SystemCoreClockUpdate                    0x08000251   Thumb Code   142  system_stm32f10x.o(.text)
    NVIC_PriorityGroupConfig                 0x08000305   Thumb Code    10  misc.o(.text)
    NVIC_Init                                0x0800030f   Thumb Code   100  misc.o(.text)
    NVIC_SetVectorTable                      0x08000373   Thumb Code    14  misc.o(.text)
    NVIC_SystemLPConfig                      0x08000381   Thumb Code    34  misc.o(.text)
    SysTick_CLKSourceConfig                  0x080003a3   Thumb Code    40  misc.o(.text)
    GPIO_DeInit                              0x080003e1   Thumb Code   172  stm32f10x_gpio.o(.text)
    GPIO_AFIODeInit                          0x0800048d   Thumb Code    20  stm32f10x_gpio.o(.text)
    GPIO_Init                                0x080004a1   Thumb Code   278  stm32f10x_gpio.o(.text)
    GPIO_StructInit                          0x080005b7   Thumb Code    16  stm32f10x_gpio.o(.text)
    GPIO_ReadInputDataBit                    0x080005c7   Thumb Code    18  stm32f10x_gpio.o(.text)
    GPIO_ReadInputData                       0x080005d9   Thumb Code     8  stm32f10x_gpio.o(.text)
    GPIO_ReadOutputDataBit                   0x080005e1   Thumb Code    18  stm32f10x_gpio.o(.text)
    GPIO_ReadOutputData                      0x080005f3   Thumb Code     8  stm32f10x_gpio.o(.text)
    GPIO_SetBits                             0x080005fb   Thumb Code     4  stm32f10x_gpio.o(.text)
    GPIO_ResetBits                           0x080005ff   Thumb Code     4  stm32f10x_gpio.o(.text)
    GPIO_WriteBit                            0x08000603   Thumb Code    10  stm32f10x_gpio.o(.text)
    GPIO_Write                               0x0800060d   Thumb Code     4  stm32f10x_gpio.o(.text)
    GPIO_PinLockConfig                       0x08000611   Thumb Code    18  stm32f10x_gpio.o(.text)
    GPIO_EventOutputConfig                   0x08000623   Thumb Code    26  stm32f10x_gpio.o(.text)
    GPIO_EventOutputCmd                      0x0800063d   Thumb Code     6  stm32f10x_gpio.o(.text)
    GPIO_PinRemapConfig                      0x08000643   Thumb Code   138  stm32f10x_gpio.o(.text)
    GPIO_EXTILineConfig                      0x080006cd   Thumb Code    66  stm32f10x_gpio.o(.text)
    GPIO_ETH_MediaInterfaceConfig            0x0800070f   Thumb Code     8  stm32f10x_gpio.o(.text)
    RCC_DeInit                               0x0800073d   Thumb Code    64  stm32f10x_rcc.o(.text)
    RCC_HSEConfig                            0x0800077d   Thumb Code    70  stm32f10x_rcc.o(.text)
    RCC_GetFlagStatus                        0x080007c3   Thumb Code    56  stm32f10x_rcc.o(.text)
    RCC_WaitForHSEStartUp                    0x080007fb   Thumb Code    56  stm32f10x_rcc.o(.text)
    RCC_AdjustHSICalibrationValue            0x08000833   Thumb Code    20  stm32f10x_rcc.o(.text)
    RCC_HSICmd                               0x08000847   Thumb Code     6  stm32f10x_rcc.o(.text)
    RCC_PLLConfig                            0x0800084d   Thumb Code    24  stm32f10x_rcc.o(.text)
    RCC_PLLCmd                               0x08000865   Thumb Code     6  stm32f10x_rcc.o(.text)
    RCC_SYSCLKConfig                         0x0800086b   Thumb Code    18  stm32f10x_rcc.o(.text)
    RCC_GetSYSCLKSource                      0x0800087d   Thumb Code    10  stm32f10x_rcc.o(.text)
    RCC_HCLKConfig                           0x08000887   Thumb Code    18  stm32f10x_rcc.o(.text)
    RCC_PCLK1Config                          0x08000899   Thumb Code    18  stm32f10x_rcc.o(.text)
    RCC_PCLK2Config                          0x080008ab   Thumb Code    20  stm32f10x_rcc.o(.text)
    RCC_ITConfig                             0x080008bf   Thumb Code    26  stm32f10x_rcc.o(.text)
    RCC_USBCLKConfig                         0x080008d9   Thumb Code     8  stm32f10x_rcc.o(.text)
    RCC_ADCCLKConfig                         0x080008e1   Thumb Code    18  stm32f10x_rcc.o(.text)
    RCC_LSEConfig                            0x080008f3   Thumb Code    50  stm32f10x_rcc.o(.text)
    RCC_LSICmd                               0x08000925   Thumb Code     6  stm32f10x_rcc.o(.text)
    RCC_RTCCLKConfig                         0x0800092b   Thumb Code    12  stm32f10x_rcc.o(.text)
    RCC_RTCCLKCmd                            0x08000937   Thumb Code     8  stm32f10x_rcc.o(.text)
    RCC_GetClocksFreq                        0x0800093f   Thumb Code   192  stm32f10x_rcc.o(.text)
    RCC_AHBPeriphClockCmd                    0x080009ff   Thumb Code    26  stm32f10x_rcc.o(.text)
    RCC_APB2PeriphClockCmd                   0x08000a19   Thumb Code    26  stm32f10x_rcc.o(.text)
    RCC_APB1PeriphClockCmd                   0x08000a33   Thumb Code    26  stm32f10x_rcc.o(.text)
    RCC_APB2PeriphResetCmd                   0x08000a4d   Thumb Code    26  stm32f10x_rcc.o(.text)
    RCC_APB1PeriphResetCmd                   0x08000a67   Thumb Code    26  stm32f10x_rcc.o(.text)
    RCC_BackupResetCmd                       0x08000a81   Thumb Code     8  stm32f10x_rcc.o(.text)
    RCC_ClockSecuritySystemCmd               0x08000a89   Thumb Code     6  stm32f10x_rcc.o(.text)
    RCC_MCOConfig                            0x08000a8f   Thumb Code     6  stm32f10x_rcc.o(.text)
    RCC_ClearFlag                            0x08000a95   Thumb Code    14  stm32f10x_rcc.o(.text)
    RCC_GetITStatus                          0x08000aa3   Thumb Code    20  stm32f10x_rcc.o(.text)
    RCC_ClearITPendingBit                    0x08000ab7   Thumb Code     6  stm32f10x_rcc.o(.text)
    TIM_DeInit                               0x08000ae1   Thumb Code   424  stm32f10x_tim.o(.text)
    TIM_TimeBaseInit                         0x08000c89   Thumb Code   122  stm32f10x_tim.o(.text)
    TIM_OC1Init                              0x08000d03   Thumb Code   132  stm32f10x_tim.o(.text)
    TIM_OC2Init                              0x08000d87   Thumb Code   154  stm32f10x_tim.o(.text)
    TIM_OC3Init                              0x08000e21   Thumb Code   150  stm32f10x_tim.o(.text)
    TIM_OC4Init                              0x08000eb7   Thumb Code   182  stm32f10x_tim.o(.text)
    TIM_SetIC4Prescaler                      0x08000f6d   Thumb Code    26  stm32f10x_tim.o(.text)
    TIM_SetIC3Prescaler                      0x08001009   Thumb Code    18  stm32f10x_tim.o(.text)
    TIM_SetIC2Prescaler                      0x08001095   Thumb Code    26  stm32f10x_tim.o(.text)
    TIM_SetIC1Prescaler                      0x08001131   Thumb Code    18  stm32f10x_tim.o(.text)
    TIM_ICInit                               0x080011af   Thumb Code   150  stm32f10x_tim.o(.text)
    TIM_PWMIConfig                           0x08001245   Thumb Code   124  stm32f10x_tim.o(.text)
    TIM_BDTRConfig                           0x080012c1   Thumb Code    32  stm32f10x_tim.o(.text)
    TIM_TimeBaseStructInit                   0x080012e1   Thumb Code    18  stm32f10x_tim.o(.text)
    TIM_OCStructInit                         0x080012f3   Thumb Code    20  stm32f10x_tim.o(.text)
    TIM_ICStructInit                         0x08001307   Thumb Code    18  stm32f10x_tim.o(.text)
    TIM_BDTRStructInit                       0x08001319   Thumb Code    40  stm32f10x_tim.o(.text)
    TIM_Cmd                                  0x08001341   Thumb Code    24  stm32f10x_tim.o(.text)
    TIM_CtrlPWMOutputs                       0x08001359   Thumb Code    30  stm32f10x_tim.o(.text)
    TIM_ITConfig                             0x08001377   Thumb Code    18  stm32f10x_tim.o(.text)
    TIM_GenerateEvent                        0x08001389   Thumb Code     4  stm32f10x_tim.o(.text)
    TIM_DMAConfig                            0x0800138d   Thumb Code    10  stm32f10x_tim.o(.text)
    TIM_DMACmd                               0x08001397   Thumb Code    18  stm32f10x_tim.o(.text)
    TIM_InternalClockConfig                  0x080013a9   Thumb Code    12  stm32f10x_tim.o(.text)
    TIM_SelectInputTrigger                   0x080013b5   Thumb Code    18  stm32f10x_tim.o(.text)
    TIM_ITRxExternalClockConfig              0x080013c7   Thumb Code    24  stm32f10x_tim.o(.text)
    TIM_TIxExternalClockConfig               0x080013df   Thumb Code    62  stm32f10x_tim.o(.text)
    TIM_ETRConfig                            0x0800141d   Thumb Code    28  stm32f10x_tim.o(.text)
    TIM_ETRClockMode1Config                  0x08001439   Thumb Code    54  stm32f10x_tim.o(.text)
    TIM_ETRClockMode2Config                  0x0800146f   Thumb Code    32  stm32f10x_tim.o(.text)
    TIM_PrescalerConfig                      0x0800148f   Thumb Code     6  stm32f10x_tim.o(.text)
    TIM_CounterModeConfig                    0x08001495   Thumb Code    18  stm32f10x_tim.o(.text)
    TIM_EncoderInterfaceConfig               0x080014a7   Thumb Code    66  stm32f10x_tim.o(.text)
    TIM_ForcedOC1Config                      0x080014e9   Thumb Code    18  stm32f10x_tim.o(.text)
    TIM_ForcedOC2Config                      0x080014fb   Thumb Code    26  stm32f10x_tim.o(.text)
    TIM_ForcedOC3Config                      0x08001515   Thumb Code    18  stm32f10x_tim.o(.text)
    TIM_ForcedOC4Config                      0x08001527   Thumb Code    26  stm32f10x_tim.o(.text)
    TIM_ARRPreloadConfig                     0x08001541   Thumb Code    24  stm32f10x_tim.o(.text)
    TIM_SelectCOM                            0x08001559   Thumb Code    24  stm32f10x_tim.o(.text)
    TIM_SelectCCDMA                          0x08001571   Thumb Code    24  stm32f10x_tim.o(.text)
    TIM_CCPreloadControl                     0x08001589   Thumb Code    24  stm32f10x_tim.o(.text)
    TIM_OC1PreloadConfig                     0x080015a1   Thumb Code    18  stm32f10x_tim.o(.text)
    TIM_OC2PreloadConfig                     0x080015b3   Thumb Code    26  stm32f10x_tim.o(.text)
    TIM_OC3PreloadConfig                     0x080015cd   Thumb Code    18  stm32f10x_tim.o(.text)
    TIM_OC4PreloadConfig                     0x080015df   Thumb Code    26  stm32f10x_tim.o(.text)
    TIM_OC1FastConfig                        0x080015f9   Thumb Code    18  stm32f10x_tim.o(.text)
    TIM_OC2FastConfig                        0x0800160b   Thumb Code    26  stm32f10x_tim.o(.text)
    TIM_OC3FastConfig                        0x08001625   Thumb Code    18  stm32f10x_tim.o(.text)
    TIM_OC4FastConfig                        0x08001637   Thumb Code    26  stm32f10x_tim.o(.text)
    TIM_ClearOC1Ref                          0x08001651   Thumb Code    18  stm32f10x_tim.o(.text)
    TIM_ClearOC2Ref                          0x08001663   Thumb Code    24  stm32f10x_tim.o(.text)
    TIM_ClearOC3Ref                          0x0800167b   Thumb Code    18  stm32f10x_tim.o(.text)
    TIM_ClearOC4Ref                          0x0800168d   Thumb Code    24  stm32f10x_tim.o(.text)
    TIM_OC1PolarityConfig                    0x080016a5   Thumb Code    18  stm32f10x_tim.o(.text)
    TIM_OC1NPolarityConfig                   0x080016b7   Thumb Code    18  stm32f10x_tim.o(.text)
    TIM_OC2PolarityConfig                    0x080016c9   Thumb Code    26  stm32f10x_tim.o(.text)
    TIM_OC2NPolarityConfig                   0x080016e3   Thumb Code    26  stm32f10x_tim.o(.text)
    TIM_OC3PolarityConfig                    0x080016fd   Thumb Code    26  stm32f10x_tim.o(.text)
    TIM_OC3NPolarityConfig                   0x08001717   Thumb Code    26  stm32f10x_tim.o(.text)
    TIM_OC4PolarityConfig                    0x08001731   Thumb Code    26  stm32f10x_tim.o(.text)
    TIM_CCxCmd                               0x0800174b   Thumb Code    30  stm32f10x_tim.o(.text)
    TIM_CCxNCmd                              0x08001769   Thumb Code    30  stm32f10x_tim.o(.text)
    TIM_SelectOCxM                           0x08001787   Thumb Code    82  stm32f10x_tim.o(.text)
    TIM_UpdateDisableConfig                  0x080017d9   Thumb Code    24  stm32f10x_tim.o(.text)
    TIM_UpdateRequestConfig                  0x080017f1   Thumb Code    24  stm32f10x_tim.o(.text)
    TIM_SelectHallSensor                     0x08001809   Thumb Code    24  stm32f10x_tim.o(.text)
    TIM_SelectOnePulseMode                   0x08001821   Thumb Code    18  stm32f10x_tim.o(.text)
    TIM_SelectOutputTrigger                  0x08001833   Thumb Code    18  stm32f10x_tim.o(.text)
    TIM_SelectSlaveMode                      0x08001845   Thumb Code    18  stm32f10x_tim.o(.text)
    TIM_SelectMasterSlaveMode                0x08001857   Thumb Code    18  stm32f10x_tim.o(.text)
    TIM_SetCounter                           0x08001869   Thumb Code     4  stm32f10x_tim.o(.text)
    TIM_SetAutoreload                        0x0800186d   Thumb Code     4  stm32f10x_tim.o(.text)
    TIM_SetCompare1                          0x08001871   Thumb Code     4  stm32f10x_tim.o(.text)
    TIM_SetCompare2                          0x08001875   Thumb Code     4  stm32f10x_tim.o(.text)
    TIM_SetCompare3                          0x08001879   Thumb Code     4  stm32f10x_tim.o(.text)
    TIM_SetCompare4                          0x0800187d   Thumb Code     6  stm32f10x_tim.o(.text)
    TIM_SetClockDivision                     0x08001883   Thumb Code    18  stm32f10x_tim.o(.text)
    TIM_GetCapture1                          0x08001895   Thumb Code     6  stm32f10x_tim.o(.text)
    TIM_GetCapture2                          0x0800189b   Thumb Code     6  stm32f10x_tim.o(.text)
    TIM_GetCapture3                          0x080018a1   Thumb Code     6  stm32f10x_tim.o(.text)
    TIM_GetCapture4                          0x080018a7   Thumb Code     8  stm32f10x_tim.o(.text)
    TIM_GetCounter                           0x080018af   Thumb Code     6  stm32f10x_tim.o(.text)
    TIM_GetPrescaler                         0x080018b5   Thumb Code     6  stm32f10x_tim.o(.text)
    TIM_GetFlagStatus                        0x080018bb   Thumb Code    18  stm32f10x_tim.o(.text)
    TIM_ClearFlag                            0x080018cd   Thumb Code     6  stm32f10x_tim.o(.text)
    TIM_GetITStatus                          0x080018d3   Thumb Code    34  stm32f10x_tim.o(.text)
    TIM_ClearITPendingBit                    0x080018f5   Thumb Code     6  stm32f10x_tim.o(.text)
    USART_DeInit                             0x080018fd   Thumb Code   134  stm32f10x_usart.o(.text)
    USART_Init                               0x08001983   Thumb Code   210  stm32f10x_usart.o(.text)
    USART_StructInit                         0x08001a55   Thumb Code    24  stm32f10x_usart.o(.text)
    USART_ClockInit                          0x08001a6d   Thumb Code    34  stm32f10x_usart.o(.text)
    USART_ClockStructInit                    0x08001a8f   Thumb Code    12  stm32f10x_usart.o(.text)
    USART_Cmd                                0x08001a9b   Thumb Code    24  stm32f10x_usart.o(.text)
    USART_ITConfig                           0x08001ab3   Thumb Code    74  stm32f10x_usart.o(.text)
    USART_DMACmd                             0x08001afd   Thumb Code    18  stm32f10x_usart.o(.text)
    USART_SetAddress                         0x08001b0f   Thumb Code    18  stm32f10x_usart.o(.text)
    USART_WakeUpConfig                       0x08001b21   Thumb Code    18  stm32f10x_usart.o(.text)
    USART_ReceiverWakeUpCmd                  0x08001b33   Thumb Code    24  stm32f10x_usart.o(.text)
    USART_LINBreakDetectLengthConfig         0x08001b4b   Thumb Code    18  stm32f10x_usart.o(.text)
    USART_LINCmd                             0x08001b5d   Thumb Code    24  stm32f10x_usart.o(.text)
    USART_SendData                           0x08001b75   Thumb Code     8  stm32f10x_usart.o(.text)
    USART_ReceiveData                        0x08001b7d   Thumb Code    10  stm32f10x_usart.o(.text)
    USART_SendBreak                          0x08001b87   Thumb Code    10  stm32f10x_usart.o(.text)
    USART_SetGuardTime                       0x08001b91   Thumb Code    16  stm32f10x_usart.o(.text)
    USART_SetPrescaler                       0x08001ba1   Thumb Code    16  stm32f10x_usart.o(.text)
    USART_SmartCardCmd                       0x08001bb1   Thumb Code    24  stm32f10x_usart.o(.text)
    USART_SmartCardNACKCmd                   0x08001bc9   Thumb Code    24  stm32f10x_usart.o(.text)
    USART_HalfDuplexCmd                      0x08001be1   Thumb Code    24  stm32f10x_usart.o(.text)
    USART_OverSampling8Cmd                   0x08001bf9   Thumb Code    22  stm32f10x_usart.o(.text)
    USART_OneBitMethodCmd                    0x08001c0f   Thumb Code    24  stm32f10x_usart.o(.text)
    USART_IrDAConfig                         0x08001c27   Thumb Code    18  stm32f10x_usart.o(.text)
    USART_IrDACmd                            0x08001c39   Thumb Code    24  stm32f10x_usart.o(.text)
    USART_GetFlagStatus                      0x08001c51   Thumb Code    26  stm32f10x_usart.o(.text)
    USART_ClearFlag                          0x08001c6b   Thumb Code    18  stm32f10x_usart.o(.text)
    USART_GetITStatus                        0x08001c7d   Thumb Code    84  stm32f10x_usart.o(.text)
    USART_ClearITPendingBit                  0x08001cd1   Thumb Code    52  stm32f10x_usart.o(.text)
    Bsp_init                                 0x08001d05   Thumb Code    48  main.o(.text)
    Oled_show                                0x08001d35   Thumb Code    70  main.o(.text)
    Oled_show1                               0x08001d7b   Thumb Code   102  main.o(.text)
    Oled_show2                               0x08001de1   Thumb Code   102  main.o(.text)
    Oled_Switch                              0x08001e47   Thumb Code    88  main.o(.text)
    Alarm_Statue                             0x08001e9f   Thumb Code    38  main.o(.text)
    JsonValue                                0x08001ec5   Thumb Code    34  main.o(.text)
    main                                     0x08001ee7   Thumb Code   144  main.o(.text)
    NMI_Handler                              0x0800206d   Thumb Code     2  stm32f10x_it.o(.text)
    HardFault_Handler                        0x0800206f   Thumb Code     4  stm32f10x_it.o(.text)
    MemManage_Handler                        0x08002073   Thumb Code     4  stm32f10x_it.o(.text)
    BusFault_Handler                         0x08002077   Thumb Code     4  stm32f10x_it.o(.text)
    UsageFault_Handler                       0x0800207b   Thumb Code     4  stm32f10x_it.o(.text)
    SVC_Handler                              0x0800207f   Thumb Code     2  stm32f10x_it.o(.text)
    DebugMon_Handler                         0x08002081   Thumb Code     2  stm32f10x_it.o(.text)
    PendSV_Handler                           0x08002083   Thumb Code     2  stm32f10x_it.o(.text)
    SysTick_Handler                          0x08002085   Thumb Code     2  stm32f10x_it.o(.text)
    Delay_Init                               0x08002089   Thumb Code    48  bsp_delay.o(.text)
    DelayUs                                  0x080020b9   Thumb Code    60  bsp_delay.o(.text)
    DelayXms                                 0x080020f5   Thumb Code    66  bsp_delay.o(.text)
    DelayMs                                  0x08002137   Thumb Code    60  bsp_delay.o(.text)
    Key_Init                                 0x0800217d   Thumb Code    34  bsp_key.o(.text)
    Key_Scan                                 0x0800219f   Thumb Code   162  bsp_key.o(.text)
    GENERAL_TIM_Init                         0x080022bd   Thumb Code    12  bsp_timer.o(.text)
    TIM4_IRQHandler                          0x080022c9   Thumb Code    22  bsp_timer.o(.text)
    Usart1_Init                              0x080022e5   Thumb Code   166  bsp_usart.o(.text)
    Usart2_Init                              0x0800238b   Thumb Code   162  bsp_usart.o(.text)
    Usart_Init                               0x0800242d   Thumb Code    20  bsp_usart.o(.text)
    Usart_SendString                         0x08002441   Thumb Code    50  bsp_usart.o(.text)
    UsartPrintf                              0x08002473   Thumb Code    72  bsp_usart.o(.text)
    USART1_IRQHandler                        0x080024bb   Thumb Code    24  bsp_usart.o(.text)
    LED_Init                                 0x080024e1   Thumb Code    44  bsp_led.o(.text)
    LED_ON                                   0x0800250d   Thumb Code    12  bsp_led.o(.text)
    LED_OFF                                  0x08002519   Thumb Code    12  bsp_led.o(.text)
    DHT11_Init                               0x08002551   Thumb Code    18  bsp_dht11.o(.text)
    DHT11_Read_TempAndHumidity               0x080025fd   Thumb Code   166  bsp_dht11.o(.text)
    Oledfont_NUM                             0x080026a9   Thumb Code    18  bsp_oled.o(.text)
    IIC_Stop                                 0x080026c9   Thumb Code    38  bsp_oled.o(.text)
    IIC_GPIO_Config                          0x080026ef   Thumb Code    76  bsp_oled.o(.text)
    IIC_Start                                0x0800273b   Thumb Code    56  bsp_oled.o(.text)
    IIC_WaitAck                              0x08002773   Thumb Code    66  bsp_oled.o(.text)
    Write_IIC_Byte                           0x080027b5   Thumb Code    96  bsp_oled.o(.text)
    Write_IIC_Command                        0x08002815   Thumb Code    44  bsp_oled.o(.text)
    Write_IIC_Data                           0x08002841   Thumb Code    44  bsp_oled.o(.text)
    OLED_Refresh                             0x0800286d   Thumb Code    62  bsp_oled.o(.text)
    OLED_Set_Pos                             0x080028ab   Thumb Code    46  bsp_oled.o(.text)
    OLED_ON                                  0x080028d9   Thumb Code    22  bsp_oled.o(.text)
    OLED_OFF                                 0x080028ef   Thumb Code    22  bsp_oled.o(.text)
    OLED_Fill                                0x08002905   Thumb Code    58  bsp_oled.o(.text)
    OLED_Clear                               0x0800293f   Thumb Code    10  bsp_oled.o(.text)
    OLED_ShowChar                            0x08002949   Thumb Code   102  bsp_oled.o(.text)
    oled_pow                                 0x080029af   Thumb Code    22  bsp_oled.o(.text)
    OLED_ShowNum                             0x080029c5   Thumb Code   124  bsp_oled.o(.text)
    OLED_ShowCH                              0x08002a41   Thumb Code   306  bsp_oled.o(.text)
    OLED_Init                                0x08002b73   Thumb Code   182  bsp_oled.o(.text)
    OLED_DrawBMP                             0x08002c29   Thumb Code   118  bsp_oled.o(.text)
    Alarm_Init                               0x08002cb1   Thumb Code    60  bsp_alarm.o(.text)
    Alarm_OFF                                0x08002ced   Thumb Code    24  bsp_alarm.o(.text)
    Alarm_ON                                 0x08002d05   Thumb Code    24  bsp_alarm.o(.text)
    ESP8266_Clear                            0x08002d21   Thumb Code    20  esp8266.o(.text)
    ESP8266_WaitRecive                       0x08002d35   Thumb Code    42  esp8266.o(.text)
    ESP8266_SendCmd                          0x08002d5f   Thumb Code    76  esp8266.o(.text)
    ESP8266_SendData                         0x08002dab   Thumb Code    46  esp8266.o(.text)
    ESP8266_GetIPD                           0x08002dd9   Thumb Code    76  esp8266.o(.text)
    ESP8266_Init                             0x08002e25   Thumb Code   166  esp8266.o(.text)
    USART2_IRQHandler                        0x08002ecb   Thumb Code    64  esp8266.o(.text)
    MQTT_NewBuffer                           0x08003035   Thumb Code    88  mqttkit.o(.text)
    MQTT_DeleteBuffer                        0x0800308d   Thumb Code    28  mqttkit.o(.text)
    MQTT_DumpLength                          0x080030a9   Thumb Code    46  mqttkit.o(.text)
    MQTT_ReadLength                          0x080030d7   Thumb Code    70  mqttkit.o(.text)
    MQTT_UnPacketRecv                        0x0800311d   Thumb Code   106  mqttkit.o(.text)
    MQTT_PacketConnect                       0x08003187   Thumb Code   666  mqttkit.o(.text)
    MQTT_PacketDisConnect                    0x08003421   Thumb Code    48  mqttkit.o(.text)
    MQTT_UnPacketConnectAck                  0x08003451   Thumb Code    30  mqttkit.o(.text)
    MQTT_PacketPublish                       0x0800346f   Thumb Code   452  mqttkit.o(.text)
    MQTT_PacketSaveData                      0x08003633   Thumb Code    68  mqttkit.o(.text)
    MQTT_PacketSaveBinData                   0x08003677   Thumb Code   192  mqttkit.o(.text)
    MQTT_UnPacketCmd                         0x08003737   Thumb Code   140  mqttkit.o(.text)
    MQTT_PacketCmdResp                       0x080037c3   Thumb Code   132  mqttkit.o(.text)
    MQTT_PacketSubscribe                     0x08003847   Thumb Code   254  mqttkit.o(.text)
    MQTT_UnPacketSubscribe                   0x08003945   Thumb Code    52  mqttkit.o(.text)
    MQTT_PacketUnSubscribe                   0x08003979   Thumb Code   292  mqttkit.o(.text)
    MQTT_UnPacketUnSubscribe                 0x08003a9d   Thumb Code    18  mqttkit.o(.text)
    MQTT_UnPacketPublish                     0x08003aaf   Thumb Code   440  mqttkit.o(.text)
    MQTT_PacketPublishAck                    0x08003c67   Thumb Code    72  mqttkit.o(.text)
    MQTT_UnPacketPublishAck                  0x08003caf   Thumb Code    30  mqttkit.o(.text)
    MQTT_PacketPublishRec                    0x08003ccd   Thumb Code    72  mqttkit.o(.text)
    MQTT_UnPacketPublishRec                  0x08003d15   Thumb Code    30  mqttkit.o(.text)
    MQTT_PacketPublishRel                    0x08003d33   Thumb Code    72  mqttkit.o(.text)
    MQTT_UnPacketPublishRel                  0x08003d7b   Thumb Code    36  mqttkit.o(.text)
    MQTT_PacketPublishComp                   0x08003d9f   Thumb Code    72  mqttkit.o(.text)
    MQTT_UnPacketPublishComp                 0x08003de7   Thumb Code    30  mqttkit.o(.text)
    MQTT_PacketPing                          0x08003e05   Thumb Code    48  mqttkit.o(.text)
    OneNet_DevLink                           0x08003e35   Thumb Code   218  onenet.o(.text)
    OneNet_Subscribe                         0x08003f0f   Thumb Code    80  onenet.o(.text)
    OneNet_Publish                           0x08003f5f   Thumb Code    86  onenet.o(.text)
    OneNet_RevPro                            0x08003fb5   Thumb Code  1404  onenet.o(.text)
    cJSON_GetErrorPtr                        0x08004531   Thumb Code     6  cjson.o(.text)
    cJSON_InitHooks                          0x080045ab   Thumb Code    48  cjson.o(.text)
    cJSON_Delete                             0x080045f5   Thumb Code    82  cjson.o(.text)
    cJSON_ParseWithOpts                      0x08005161   Thumb Code   152  cjson.o(.text)
    cJSON_Parse                              0x080051f9   Thumb Code    16  cjson.o(.text)
    cJSON_Print                              0x08005989   Thumb Code    18  cjson.o(.text)
    cJSON_PrintUnformatted                   0x0800599b   Thumb Code    18  cjson.o(.text)
    cJSON_PrintBuffered                      0x080059ad   Thumb Code    52  cjson.o(.text)
    cJSON_GetArraySize                       0x080059e1   Thumb Code    18  cjson.o(.text)
    cJSON_GetArrayItem                       0x080059f3   Thumb Code    18  cjson.o(.text)
    cJSON_GetObjectItem                      0x08005a05   Thumb Code    30  cjson.o(.text)
    cJSON_AddItemToArray                     0x08005a59   Thumb Code    42  cjson.o(.text)
    cJSON_AddItemToObject                    0x08005a83   Thumb Code    44  cjson.o(.text)
    cJSON_AddItemToObjectCS                  0x08005aaf   Thumb Code    54  cjson.o(.text)
    cJSON_AddItemReferenceToArray            0x08005ae5   Thumb Code    24  cjson.o(.text)
    cJSON_AddItemReferenceToObject           0x08005afd   Thumb Code    32  cjson.o(.text)
    cJSON_DetachItemFromArray                0x08005b1d   Thumb Code    66  cjson.o(.text)
    cJSON_DeleteItemFromArray                0x08005b5f   Thumb Code    22  cjson.o(.text)
    cJSON_DetachItemFromObject               0x08005b75   Thumb Code    50  cjson.o(.text)
    cJSON_DeleteItemFromObject               0x08005ba7   Thumb Code    22  cjson.o(.text)
    cJSON_InsertItemInArray                  0x08005bbd   Thumb Code    64  cjson.o(.text)
    cJSON_ReplaceItemInArray                 0x08005bfd   Thumb Code    76  cjson.o(.text)
    cJSON_ReplaceItemInObject                0x08005c49   Thumb Code    62  cjson.o(.text)
    cJSON_CreateNull                         0x08005c87   Thumb Code    18  cjson.o(.text)
    cJSON_CreateTrue                         0x08005c99   Thumb Code    18  cjson.o(.text)
    cJSON_CreateFalse                        0x08005cab   Thumb Code    18  cjson.o(.text)
    cJSON_CreateBool                         0x08005cbd   Thumb Code    26  cjson.o(.text)
    cJSON_CreateNumber                       0x08005cd7   Thumb Code    36  cjson.o(.text)
    cJSON_CreateString                       0x08005cfb   Thumb Code    28  cjson.o(.text)
    cJSON_CreateArray                        0x08005d17   Thumb Code    18  cjson.o(.text)
    cJSON_CreateObject                       0x08005d29   Thumb Code    18  cjson.o(.text)
    cJSON_CreateIntArray                     0x08005d3b   Thumb Code    68  cjson.o(.text)
    cJSON_CreateFloatArray                   0x08005d7f   Thumb Code    68  cjson.o(.text)
    cJSON_CreateDoubleArray                  0x08005dc3   Thumb Code    68  cjson.o(.text)
    cJSON_CreateStringArray                  0x08005e07   Thumb Code    62  cjson.o(.text)
    cJSON_Duplicate                          0x08005e45   Thumb Code   178  cjson.o(.text)
    cJSON_Minify                             0x08005ef7   Thumb Code   186  cjson.o(.text)
    tolower                                  0x08005fb1   Thumb Code    12  tolower.o(.text)
    __aeabi_memcpy                           0x08005fbd   Thumb Code    36  memcpya.o(.text)
    __aeabi_memcpy4                          0x08005fbd   Thumb Code     0  memcpya.o(.text)
    __aeabi_memcpy8                          0x08005fbd   Thumb Code     0  memcpya.o(.text)
    __aeabi_memset                           0x08005fe1   Thumb Code    14  memseta.o(.text)
    __aeabi_memset4                          0x08005fe1   Thumb Code     0  memseta.o(.text)
    __aeabi_memset8                          0x08005fe1   Thumb Code     0  memseta.o(.text)
    __aeabi_memclr                           0x08005fef   Thumb Code     4  memseta.o(.text)
    __aeabi_memclr4                          0x08005fef   Thumb Code     0  memseta.o(.text)
    __aeabi_memclr8                          0x08005fef   Thumb Code     0  memseta.o(.text)
    _memset$wrapper                          0x08005ff3   Thumb Code    18  memseta.o(.text)
    strstr                                   0x08006005   Thumb Code    36  strstr.o(.text)
    strchr                                   0x08006029   Thumb Code    20  strchr.o(.text)
    strlen                                   0x0800603d   Thumb Code    14  strlen.o(.text)
    strncat                                  0x0800604b   Thumb Code    40  strncat.o(.text)
    strcpy                                   0x08006073   Thumb Code    18  strcpy.o(.text)
    strncmp                                  0x08006085   Thumb Code    30  strncmp.o(.text)
    __aeabi_dadd                             0x080060a3   Thumb Code   322  dadd.o(.text)
    __aeabi_dsub                             0x080061e5   Thumb Code     6  dadd.o(.text)
    __aeabi_drsub                            0x080061eb   Thumb Code     6  dadd.o(.text)
    __aeabi_dmul                             0x080061f1   Thumb Code   228  dmul.o(.text)
    __aeabi_i2d                              0x080062d5   Thumb Code    34  dflti.o(.text)
    __aeabi_d2iz                             0x080062f7   Thumb Code    62  dfixi.o(.text)
    __aeabi_f2d                              0x08006335   Thumb Code    38  f2d.o(.text)
    __aeabi_cdcmpeq                          0x0800635d   Thumb Code     0  cdcmple.o(.text)
    __aeabi_cdcmple                          0x0800635d   Thumb Code    48  cdcmple.o(.text)
    __aeabi_cdrcmple                         0x0800638d   Thumb Code    48  cdrcmple.o(.text)
    __aeabi_uidiv                            0x080063bd   Thumb Code     0  uidiv.o(.text)
    __aeabi_uidivmod                         0x080063bd   Thumb Code    44  uidiv.o(.text)
    __aeabi_uldivmod                         0x080063e9   Thumb Code    98  uldiv.o(.text)
    __aeabi_llsl                             0x0800644b   Thumb Code    30  llshl.o(.text)
    _ll_shift_l                              0x0800644b   Thumb Code     0  llshl.o(.text)
    __aeabi_llsr                             0x08006469   Thumb Code    32  llushr.o(.text)
    _ll_ushift_r                             0x08006469   Thumb Code     0  llushr.o(.text)
    __aeabi_lasr                             0x08006489   Thumb Code    36  llsshr.o(.text)
    _ll_sshift_r                             0x08006489   Thumb Code     0  llsshr.o(.text)
    __I$use$fp                               0x080064ad   Thumb Code     0  iusefp.o(.text)
    _double_round                            0x080064ad   Thumb Code    30  depilogue.o(.text)
    _double_epilogue                         0x080064cb   Thumb Code   156  depilogue.o(.text)
    __aeabi_ddiv                             0x08006567   Thumb Code   222  ddiv.o(.text)
    __ARM_scalbn                             0x08006645   Thumb Code    46  dscalb.o(.text)
    scalbn                                   0x08006645   Thumb Code     0  dscalb.o(.text)
    __aeabi_d2ulz                            0x08006673   Thumb Code    48  dfixul.o(.text)
    __scatterload                            0x080066a5   Thumb Code    28  init.o(.text)
    __scatterload_rt2                        0x080066a5   Thumb Code     0  init.o(.text)
    _dsqrt                                   0x080066c9   Thumb Code   162  dsqrt.o(.text)
    __decompress                             0x0800676b   Thumb Code     0  __dczerorl2.o(.text)
    __decompress1                            0x0800676b   Thumb Code    86  __dczerorl2.o(.text)
    __0snprintf                              0x080067c1   Thumb Code    44  printfa.o(i.__0snprintf)
    __1snprintf                              0x080067c1   Thumb Code     0  printfa.o(i.__0snprintf)
    __2snprintf                              0x080067c1   Thumb Code     0  printfa.o(i.__0snprintf)
    __c89snprintf                            0x080067c1   Thumb Code     0  printfa.o(i.__0snprintf)
    snprintf                                 0x080067c1   Thumb Code     0  printfa.o(i.__0snprintf)
    __0sprintf                               0x080067f1   Thumb Code    34  printfa.o(i.__0sprintf)
    __1sprintf                               0x080067f1   Thumb Code     0  printfa.o(i.__0sprintf)
    __2sprintf                               0x080067f1   Thumb Code     0  printfa.o(i.__0sprintf)
    __c89sprintf                             0x080067f1   Thumb Code     0  printfa.o(i.__0sprintf)
    sprintf                                  0x080067f1   Thumb Code     0  printfa.o(i.__0sprintf)
    __0vsnprintf                             0x08006819   Thumb Code    40  printfa.o(i.__0vsnprintf)
    __1vsnprintf                             0x08006819   Thumb Code     0  printfa.o(i.__0vsnprintf)
    __2vsnprintf                             0x08006819   Thumb Code     0  printfa.o(i.__0vsnprintf)
    __c89vsnprintf                           0x08006819   Thumb Code     0  printfa.o(i.__0vsnprintf)
    vsnprintf                                0x08006819   Thumb Code     0  printfa.o(i.__0vsnprintf)
    __ARM_fpclassify                         0x08006845   Thumb Code    40  fpclassify.o(i.__ARM_fpclassify)
    __kernel_poly                            0x0800686d   Thumb Code   170  poly.o(i.__kernel_poly)
    __mathlib_dbl_divzero                    0x08006919   Thumb Code    12  dunder.o(i.__mathlib_dbl_divzero)
    __mathlib_dbl_infnan2                    0x08006929   Thumb Code     4  dunder.o(i.__mathlib_dbl_infnan2)
    __mathlib_dbl_invalid                    0x0800692d   Thumb Code    12  dunder.o(i.__mathlib_dbl_invalid)
    __mathlib_dbl_overflow                   0x08006939   Thumb Code    14  dunder.o(i.__mathlib_dbl_overflow)
    __mathlib_dbl_underflow                  0x08006949   Thumb Code    10  dunder.o(i.__mathlib_dbl_underflow)
    __scatterload_copy                       0x08006959   Thumb Code    14  handlers.o(i.__scatterload_copy)
    __scatterload_null                       0x08006967   Thumb Code     2  handlers.o(i.__scatterload_null)
    __scatterload_zeroinit                   0x08006969   Thumb Code    14  handlers.o(i.__scatterload_zeroinit)
    __set_errno                              0x08006979   Thumb Code     6  errno.o(i.__set_errno)
    floor                                    0x08007259   Thumb Code   204  floor.o(i.floor)
    free                                     0x08007335   Thumb Code    76  malloc.o(i.free)
    malloc                                   0x08007385   Thumb Code    92  malloc.o(i.malloc)
    pow                                      0x080073f1   Thumb Code  2512  pow.o(i.pow)
    sqrt                                     0x08007dc9   Thumb Code    76  sqrt.o(i.sqrt)
    devPubTopic                              0x08007e14   Data          42  main.o(.constdata)
    __mathlib_zero                           0x08007ed0   Data           8  qnan.o(.constdata)
    Region$$Table$$Base                      0x08007f80   Number         0  anon$$obj.o(Region$$Table)
    Region$$Table$$Limit                     0x08007fa0   Number         0  anon$$obj.o(Region$$Table)
    SystemCoreClock                          0x20000000   Data           4  system_stm32f10x.o(.data)
    AHBPrescTable                            0x20000004   Data          16  system_stm32f10x.o(.data)
    DHT11_Data                               0x20000028   Data           5  main.o(.data)
    key_value                                0x2000002d   Data           1  main.o(.data)
    Temp_Thr                                 0x2000002e   Data           1  main.o(.data)
    Hum_Thr                                  0x2000002f   Data           1  main.o(.data)
    devSubTopic                              0x20000030   Data           4  main.o(.data)
    dataPtr                                  0x20000034   Data           4  main.o(.data)
    TimeCount                                0x20000038   Data           2  main.o(.data)
    Alarm_flag                               0x2000003a   Data           1  main.o(.data)
    currentState                             0x2000003b   Data           1  main.o(.data)
    UsCount                                  0x2000003c   Data           1  bsp_delay.o(.data)
    MsCount                                  0x2000003e   Data           2  bsp_delay.o(.data)
    zf                                       0x20000044   Data        1520  bsp_oled.o(.data)
    hz                                       0x20000634   Data         800  bsp_oled.o(.data)
    zf_index                                 0x20000954   Data          96  bsp_oled.o(.data)
    hz_index                                 0x200009b4   Data          51  bsp_oled.o(.data)
    HZ                                       0x200009e8   Data           4  bsp_oled.o(.data)
    esp8266_cnt                              0x200009ec   Data           2  esp8266.o(.data)
    esp8266_cntPre                           0x200009ee   Data           2  esp8266.o(.data)
    __microlib_freelist                      0x20000a00   Data           4  mvars.o(.data)
    __microlib_freelist_initialised          0x20000a04   Data           4  mvars.o(.data)
    oled_Temp                                0x20000a0c   Data          16  main.o(.bss)
    oled_TempThr                             0x20000a1c   Data          16  main.o(.bss)
    oled_Hum                                 0x20000a2c   Data          16  main.o(.bss)
    oled_HumThr                              0x20000a3c   Data          16  main.o(.bss)
    PUBLIS_BUF                               0x20000a4c   Data         256  main.o(.bss)
    OLED_GRAM                                0x20000b4c   Data        1152  bsp_oled.o(.bss)
    esp8266_buf                              0x20000fcc   Data         512  esp8266.o(.bss)
    __heap_base                              0x200011d0   Data           0  startup_stm32f10x_md.o(HEAP)
    __heap_limit                             0x200013d0   Data           0  startup_stm32f10x_md.o(HEAP)
    __initial_sp                             0x200017d0   Data           0  startup_stm32f10x_md.o(STACK)



==============================================================================

Memory Map of the image

  Image Entry point : 0x080000ed

  Load Region LR_IROM1 (Base: 0x08000000, Size: 0x000089ac, Max: 0x00010000, ABSOLUTE, COMPRESSED[0x0000865c])

    Execution Region ER_IROM1 (Exec base: 0x08000000, Load base: 0x08000000, Size: 0x00007fa0, Max: 0x00010000, ABSOLUTE)

    Exec Addr    Load Addr    Size         Type   Attr      Idx    E Section Name        Object

    0x08000000   0x08000000   0x000000ec   Data   RO            3    RESET               startup_stm32f10x_md.o
    0x080000ec   0x080000ec   0x00000000   Code   RO          708  * .ARM.Collect$$$$00000000  mc_w.l(entry.o)
    0x080000ec   0x080000ec   0x00000004   Code   RO         1061    .ARM.Collect$$$$00000001  mc_w.l(entry2.o)
    0x080000f0   0x080000f0   0x00000004   Code   RO         1064    .ARM.Collect$$$$00000004  mc_w.l(entry5.o)
    0x080000f4   0x080000f4   0x00000000   Code   RO         1066    .ARM.Collect$$$$00000008  mc_w.l(entry7b.o)
    0x080000f4   0x080000f4   0x00000000   Code   RO         1068    .ARM.Collect$$$$0000000A  mc_w.l(entry8b.o)
    0x080000f4   0x080000f4   0x00000008   Code   RO         1069    .ARM.Collect$$$$0000000B  mc_w.l(entry9a.o)
    0x080000fc   0x080000fc   0x00000000   Code   RO         1071    .ARM.Collect$$$$0000000D  mc_w.l(entry10a.o)
    0x080000fc   0x080000fc   0x00000000   Code   RO         1073    .ARM.Collect$$$$0000000F  mc_w.l(entry11a.o)
    0x080000fc   0x080000fc   0x00000004   Code   RO         1062    .ARM.Collect$$$$00002712  mc_w.l(entry2.o)
    0x08000100   0x08000100   0x00000024   Code   RO            4    .text               startup_stm32f10x_md.o
    0x08000124   0x08000124   0x000001e0   Code   RO           24    .text               system_stm32f10x.o
    0x08000304   0x08000304   0x000000dc   Code   RO          121    .text               misc.o
    0x080003e0   0x080003e0   0x0000035c   Code   RO          269    .text               stm32f10x_gpio.o
    0x0800073c   0x0800073c   0x000003a4   Code   RO          317    .text               stm32f10x_rcc.o
    0x08000ae0   0x08000ae0   0x00000e1a   Code   RO          367    .text               stm32f10x_tim.o
    0x080018fa   0x080018fa   0x00000002   PAD
    0x080018fc   0x080018fc   0x00000408   Code   RO          379    .text               stm32f10x_usart.o
    0x08001d04   0x08001d04   0x00000368   Code   RO          403    .text               main.o
    0x0800206c   0x0800206c   0x0000001a   Code   RO          452    .text               stm32f10x_it.o
    0x08002086   0x08002086   0x00000002   PAD
    0x08002088   0x08002088   0x000000f4   Code   RO          467    .text               bsp_delay.o
    0x0800217c   0x0800217c   0x000000cc   Code   RO          482    .text               bsp_key.o
    0x08002248   0x08002248   0x0000009c   Code   RO          495    .text               bsp_timer.o
    0x080022e4   0x080022e4   0x000001fc   Code   RO          510    .text               bsp_usart.o
    0x080024e0   0x080024e0   0x00000048   Code   RO          532    .text               bsp_led.o
    0x08002528   0x08002528   0x00000180   Code   RO          544    .text               bsp_dht11.o
    0x080026a8   0x080026a8   0x00000608   Code   RO          556    .text               bsp_oled.o
    0x08002cb0   0x08002cb0   0x00000070   Code   RO          578    .text               bsp_alarm.o
    0x08002d20   0x08002d20   0x00000314   Code   RO          590    .text               esp8266.o
    0x08003034   0x08003034   0x00000e00   Code   RO          606    .text               mqttkit.o
    0x08003e34   0x08003e34   0x000006fc   Code   RO          634    .text               onenet.o
    0x08004530   0x08004530   0x00001a80   Code   RO          655    .text               cjson.o
    0x08005fb0   0x08005fb0   0x0000000c   Code   RO          711    .text               mc_w.l(tolower.o)
    0x08005fbc   0x08005fbc   0x00000024   Code   RO          713    .text               mc_w.l(memcpya.o)
    0x08005fe0   0x08005fe0   0x00000024   Code   RO          715    .text               mc_w.l(memseta.o)
    0x08006004   0x08006004   0x00000024   Code   RO          717    .text               mc_w.l(strstr.o)
    0x08006028   0x08006028   0x00000014   Code   RO          719    .text               mc_w.l(strchr.o)
    0x0800603c   0x0800603c   0x0000000e   Code   RO          721    .text               mc_w.l(strlen.o)
    0x0800604a   0x0800604a   0x00000028   Code   RO          723    .text               mc_w.l(strncat.o)
    0x08006072   0x08006072   0x00000012   Code   RO          725    .text               mc_w.l(strcpy.o)
    0x08006084   0x08006084   0x0000001e   Code   RO          727    .text               mc_w.l(strncmp.o)
    0x080060a2   0x080060a2   0x0000014e   Code   RO         1020    .text               mf_w.l(dadd.o)
    0x080061f0   0x080061f0   0x000000e4   Code   RO         1022    .text               mf_w.l(dmul.o)
    0x080062d4   0x080062d4   0x00000022   Code   RO         1024    .text               mf_w.l(dflti.o)
    0x080062f6   0x080062f6   0x0000003e   Code   RO         1026    .text               mf_w.l(dfixi.o)
    0x08006334   0x08006334   0x00000026   Code   RO         1028    .text               mf_w.l(f2d.o)
    0x0800635a   0x0800635a   0x00000002   PAD
    0x0800635c   0x0800635c   0x00000030   Code   RO         1030    .text               mf_w.l(cdcmple.o)
    0x0800638c   0x0800638c   0x00000030   Code   RO         1032    .text               mf_w.l(cdrcmple.o)
    0x080063bc   0x080063bc   0x0000002c   Code   RO         1078    .text               mc_w.l(uidiv.o)
    0x080063e8   0x080063e8   0x00000062   Code   RO         1080    .text               mc_w.l(uldiv.o)
    0x0800644a   0x0800644a   0x0000001e   Code   RO         1082    .text               mc_w.l(llshl.o)
    0x08006468   0x08006468   0x00000020   Code   RO         1084    .text               mc_w.l(llushr.o)
    0x08006488   0x08006488   0x00000024   Code   RO         1086    .text               mc_w.l(llsshr.o)
    0x080064ac   0x080064ac   0x00000000   Code   RO         1097    .text               mc_w.l(iusefp.o)
    0x080064ac   0x080064ac   0x000000ba   Code   RO         1098    .text               mf_w.l(depilogue.o)
    0x08006566   0x08006566   0x000000de   Code   RO         1100    .text               mf_w.l(ddiv.o)
    0x08006644   0x08006644   0x0000002e   Code   RO         1102    .text               mf_w.l(dscalb.o)
    0x08006672   0x08006672   0x00000030   Code   RO         1104    .text               mf_w.l(dfixul.o)
    0x080066a2   0x080066a2   0x00000002   PAD
    0x080066a4   0x080066a4   0x00000024   Code   RO         1106    .text               mc_w.l(init.o)
    0x080066c8   0x080066c8   0x000000a2   Code   RO         1110    .text               mf_w.l(dsqrt.o)
    0x0800676a   0x0800676a   0x00000056   Code   RO         1120    .text               mc_w.l(__dczerorl2.o)
    0x080067c0   0x080067c0   0x00000030   Code   RO          965    i.__0snprintf       mc_w.l(printfa.o)
    0x080067f0   0x080067f0   0x00000028   Code   RO          966    i.__0sprintf        mc_w.l(printfa.o)
    0x08006818   0x08006818   0x0000002c   Code   RO          969    i.__0vsnprintf      mc_w.l(printfa.o)
    0x08006844   0x08006844   0x00000028   Code   RO         1048    i.__ARM_fpclassify  m_ws.l(fpclassify.o)
    0x0800686c   0x0800686c   0x000000aa   Code   RO         1050    i.__kernel_poly     m_ws.l(poly.o)
    0x08006916   0x08006916   0x00000002   PAD
    0x08006918   0x08006918   0x00000010   Code   RO         1034    i.__mathlib_dbl_divzero  m_ws.l(dunder.o)
    0x08006928   0x08006928   0x00000004   Code   RO         1036    i.__mathlib_dbl_infnan2  m_ws.l(dunder.o)
    0x0800692c   0x0800692c   0x0000000c   Code   RO         1037    i.__mathlib_dbl_invalid  m_ws.l(dunder.o)
    0x08006938   0x08006938   0x0000000e   Code   RO         1038    i.__mathlib_dbl_overflow  m_ws.l(dunder.o)
    0x08006946   0x08006946   0x00000002   PAD
    0x08006948   0x08006948   0x00000010   Code   RO         1040    i.__mathlib_dbl_underflow  m_ws.l(dunder.o)
    0x08006958   0x08006958   0x0000000e   Code   RO         1114    i.__scatterload_copy  mc_w.l(handlers.o)
    0x08006966   0x08006966   0x00000002   Code   RO         1115    i.__scatterload_null  mc_w.l(handlers.o)
    0x08006968   0x08006968   0x0000000e   Code   RO         1116    i.__scatterload_zeroinit  mc_w.l(handlers.o)
    0x08006976   0x08006976   0x00000002   PAD
    0x08006978   0x08006978   0x0000000c   Code   RO         1092    i.__set_errno       mc_w.l(errno.o)
    0x08006984   0x08006984   0x00000184   Code   RO          971    i._fp_digits        mc_w.l(printfa.o)
    0x08006b08   0x08006b08   0x000006dc   Code   RO          972    i._printf_core      mc_w.l(printfa.o)
    0x080071e4   0x080071e4   0x00000024   Code   RO          973    i._printf_post_padding  mc_w.l(printfa.o)
    0x08007208   0x08007208   0x0000002e   Code   RO          974    i._printf_pre_padding  mc_w.l(printfa.o)
    0x08007236   0x08007236   0x00000016   Code   RO          975    i._snputc           mc_w.l(printfa.o)
    0x0800724c   0x0800724c   0x0000000a   Code   RO          976    i._sputc            mc_w.l(printfa.o)
    0x08007256   0x08007256   0x00000002   PAD
    0x08007258   0x08007258   0x000000dc   Code   RO          695    i.floor             m_ws.l(floor.o)
    0x08007334   0x08007334   0x00000050   Code   RO          992    i.free              mc_w.l(malloc.o)
    0x08007384   0x08007384   0x0000006c   Code   RO          993    i.malloc            mc_w.l(malloc.o)
    0x080073f0   0x080073f0   0x000009d8   Code   RO          699    i.pow               m_ws.l(pow.o)
    0x08007dc8   0x08007dc8   0x0000004c   Code   RO         1054    i.sqrt              m_ws.l(sqrt.o)
    0x08007e14   0x08007e14   0x0000002a   Data   RO          405    .constdata          main.o
    0x08007e3e   0x08007e3e   0x00000007   Data   RO          656    .constdata          cjson.o
    0x08007e45   0x08007e45   0x00000003   PAD
    0x08007e48   0x08007e48   0x00000088   Data   RO          700    .constdata          m_ws.l(pow.o)
    0x08007ed0   0x08007ed0   0x00000008   Data   RO         1052    .constdata          m_ws.l(qnan.o)
    0x08007ed8   0x08007ed8   0x00000029   Data   RO          406    .conststring        main.o
    0x08007f01   0x08007f01   0x00000003   PAD
    0x08007f04   0x08007f04   0x0000007c   Data   RO          635    .conststring        onenet.o
    0x08007f80   0x08007f80   0x00000020   Data   RO         1112    Region$$Table       anon$$obj.o


    Execution Region RW_IRAM1 (Exec base: 0x20000000, Load base: 0x08007fa0, Size: 0x000017d0, Max: 0x00005000, ABSOLUTE, COMPRESSED[0x000006bc])

    Exec Addr    Load Addr    Size         Type   Attr      Idx    E Section Name        Object

    0x20000000   COMPRESSED   0x00000014   Data   RW           25    .data               system_stm32f10x.o
    0x20000014   COMPRESSED   0x00000014   Data   RW          318    .data               stm32f10x_rcc.o
    0x20000028   COMPRESSED   0x00000014   Data   RW          407    .data               main.o
    0x2000003c   COMPRESSED   0x00000004   Data   RW          468    .data               bsp_delay.o
    0x20000040   COMPRESSED   0x00000001   Data   RW          483    .data               bsp_key.o
    0x20000041   COMPRESSED   0x00000003   PAD
    0x20000044   COMPRESSED   0x000009a8   Data   RW          558    .data               bsp_oled.o
    0x200009ec   COMPRESSED   0x00000004   Data   RW          592    .data               esp8266.o
    0x200009f0   COMPRESSED   0x00000002   Data   RW          636    .data               onenet.o
    0x200009f2   COMPRESSED   0x00000002   PAD
    0x200009f4   COMPRESSED   0x0000000c   Data   RW          657    .data               cjson.o
    0x20000a00   COMPRESSED   0x00000004   Data   RW         1088    .data               mc_w.l(mvars.o)
    0x20000a04   COMPRESSED   0x00000004   Data   RW         1089    .data               mc_w.l(mvars.o)
    0x20000a08   COMPRESSED   0x00000004   Data   RW         1093    .data               mc_w.l(errno.o)
    0x20000a0c        -       0x00000140   Zero   RW          404    .bss                main.o
    0x20000b4c        -       0x00000480   Zero   RW          557    .bss                bsp_oled.o
    0x20000fcc        -       0x00000200   Zero   RW          591    .bss                esp8266.o
    0x200011cc   COMPRESSED   0x00000004   PAD
    0x200011d0        -       0x00000200   Zero   RW            2    HEAP                startup_stm32f10x_md.o
    0x200013d0        -       0x00000400   Zero   RW            1    STACK               startup_stm32f10x_md.o


==============================================================================

Image component sizes


      Code (inc. data)   RO Data    RW Data    ZI Data      Debug   Object Name

       112          4          0          0          0        840   bsp_alarm.o
       244         10          0          4          0       1720   bsp_delay.o
       384          6          0          0          0       2044   bsp_dht11.o
       204          8          0          1          0        924   bsp_key.o
        72          4          0          0          0        814   bsp_led.o
      1544         40          0       2472       1152       7284   bsp_oled.o
       156          6          0          0          0       1047   bsp_timer.o
       508         14          0          0          0       3284   bsp_usart.o
      6784        208          7         12          0      24760   cjson.o
         0          0          0          0          0       4516   core_cm3.o
       788        298          0          4        512       3419   esp8266.o
       872        246         83         20        320       4420   main.o
       220         22          0          0          0       2069   misc.o
      3584         66          0          0          0      15799   mqttkit.o
      1788        876        124          2          0       6672   onenet.o
        36          8        236          0       1536        956   startup_stm32f10x_md.o
       860         38          0          0          0       5997   stm32f10x_gpio.o
        26          0          0          0          0       1338   stm32f10x_it.o
       932         36          0         20          0       9304   stm32f10x_rcc.o
      3610         88          0          0          0      23108   stm32f10x_tim.o
      1032         22          0          0          0       8728   stm32f10x_usart.o
       480         38          0         20          0     250027   system_stm32f10x.o

    ----------------------------------------------------------------------
     24240       2038        488       2560       3524     379070   Object Totals
         0          0         32          0          0          0   (incl. Generated)
         4          0          6          5          4          0   (incl. Padding)

    ----------------------------------------------------------------------

      Code (inc. data)   RO Data    RW Data    ZI Data      Debug   Library Member Name

        62         10          0          0          0        340   dunder.o
       220         16          0          0          0         84   floor.o
        40          0          0          0          0         68   fpclassify.o
       170          0          0          0          0         96   poly.o
      2520        190        136          0          0        324   pow.o
         0          0          8          0          0          0   qnan.o
        76          0          0          0          0         84   sqrt.o
        86          0          0          0          0          0   __dczerorl2.o
         0          0          0          0          0          0   entry.o
         0          0          0          0          0          0   entry10a.o
         0          0          0          0          0          0   entry11a.o
         8          4          0          0          0          0   entry2.o
         4          0          0          0          0          0   entry5.o
         0          0          0          0          0          0   entry7b.o
         0          0          0          0          0          0   entry8b.o
         8          4          0          0          0          0   entry9a.o
        12          6          0          4          0         68   errno.o
        30          0          0          0          0          0   handlers.o
        36          8          0          0          0         68   init.o
         0          0          0          0          0          0   iusefp.o
        30          0          0          0          0         68   llshl.o
        36          0          0          0          0         68   llsshr.o
        32          0          0          0          0         68   llushr.o
       188         20          0          0          0        160   malloc.o
        36          0          0          0          0         68   memcpya.o
        36          0          0          0          0        108   memseta.o
         0          0          0          8          0          0   mvars.o
      2390         94          0          0          0        752   printfa.o
        20          0          0          0          0         68   strchr.o
        18          0          0          0          0         68   strcpy.o
        14          0          0          0          0         68   strlen.o
        40          0          0          0          0         76   strncat.o
        30          0          0          0          0         80   strncmp.o
        36          0          0          0          0         80   strstr.o
        12          0          0          0          0         68   tolower.o
        44          0          0          0          0         80   uidiv.o
        98          0          0          0          0         92   uldiv.o
        48          0          0          0          0         68   cdcmple.o
        48          0          0          0          0         68   cdrcmple.o
       334          0          0          0          0        148   dadd.o
       222          0          0          0          0        100   ddiv.o
       186          0          0          0          0        176   depilogue.o
        62          0          0          0          0         80   dfixi.o
        48          0          0          0          0         68   dfixul.o
        34          0          0          0          0         76   dflti.o
       228          0          0          0          0         96   dmul.o
        46          0          0          0          0         80   dscalb.o
       162          0          0          0          0        100   dsqrt.o
        38          0          0          0          0         68   f2d.o

    ----------------------------------------------------------------------
      7800        352        144         12          0       4232   Library Totals
        12          0          0          0          0          0   (incl. Padding)

    ----------------------------------------------------------------------

      Code (inc. data)   RO Data    RW Data    ZI Data      Debug   Library Name

      3088        216        144          0          0        996   m_ws.l
      3244        136          0         12          0       2108   mc_w.l
      1456          0          0          0          0       1128   mf_w.l

    ----------------------------------------------------------------------
      7800        352        144         12          0       4232   Library Totals

    ----------------------------------------------------------------------

==============================================================================


      Code (inc. data)   RO Data    RW Data    ZI Data      Debug   

     32040       2390        632       2572       3524     379530   Grand Totals
     32040       2390        632       1724       3524     379530   ELF Image Totals (compressed)
     32040       2390        632       1724          0          0   ROM Totals

==============================================================================

    Total RO  Size (Code + RO Data)                32672 (  31.91kB)
    Total RW  Size (RW Data + ZI Data)              6096 (   5.95kB)
    Total ROM Size (Code + RO Data + RW Data)      34396 (  33.59kB)

==============================================================================

